Archive member included to satisfy reference by file (symbol)

.\ARM_GCC_541\Debug\AndreasBothPSoC5DAQ.a(ADC_DelSig_1.o)
                              .\ARM_GCC_541\Debug\main.o (ADC_DelSig_1_Start)
.\ARM_GCC_541\Debug\AndreasBothPSoC5DAQ.a(ADC_DelSig_1_INT.o)
                              .\ARM_GCC_541\Debug\AndreasBothPSoC5DAQ.a(ADC_DelSig_1.o) (ADC_DelSig_1_ISR1)
.\ARM_GCC_541\Debug\AndreasBothPSoC5DAQ.a(UART_1.o)
                              .\ARM_GCC_541\Debug\main.o (UART_1_Start)
.\ARM_GCC_541\Debug\AndreasBothPSoC5DAQ.a(ADC_DelSig_1_AMux.o)
                              .\ARM_GCC_541\Debug\AndreasBothPSoC5DAQ.a(ADC_DelSig_1.o) (ADC_DelSig_1_AMux_Select)
.\ARM_GCC_541\Debug\AndreasBothPSoC5DAQ.a(ADC_DelSig_1_Ext_CP_Clk.o)
                              .\ARM_GCC_541\Debug\AndreasBothPSoC5DAQ.a(ADC_DelSig_1.o) (ADC_DelSig_1_Ext_CP_Clk_SetDividerRegister)
.\ARM_GCC_541\Debug\AndreasBothPSoC5DAQ.a(ADC_DelSig_1_theACLK.o)
                              .\ARM_GCC_541\Debug\AndreasBothPSoC5DAQ.a(ADC_DelSig_1.o) (ADC_DelSig_1_theACLK_SetDividerRegister)
.\ARM_GCC_541\Debug\AndreasBothPSoC5DAQ.a(UART_1_IntClock.o)
                              .\ARM_GCC_541\Debug\AndreasBothPSoC5DAQ.a(UART_1.o) (UART_1_IntClock_Start)
.\ARM_GCC_541\Debug\AndreasBothPSoC5DAQ.a(CyLib.o)
                              .\ARM_GCC_541\Debug\Cm3Start.o (CyResetStatus)
.\ARM_GCC_541\Debug\AndreasBothPSoC5DAQ.a(cyPm.o)
                              .\ARM_GCC_541\Debug\AndreasBothPSoC5DAQ.a(CyLib.o) (CyPmReadStatus)
.\ARM_GCC_541\Debug\AndreasBothPSoC5DAQ.a(isr_eoc_getValue.o)
                              .\ARM_GCC_541\Debug\main.o (isr_eoc_getValue_Start)
.\ARM_GCC_541\Debug\AndreasBothPSoC5DAQ.a(isr_averageData.o)
                              .\ARM_GCC_541\Debug\main.o (isr_averageData_Start)
.\ARM_GCC_541\Debug\AndreasBothPSoC5DAQ.a(CyBootAsmGnu.o)
                              .\ARM_GCC_541\Debug\cyfitter_cfg.o (CyDelayCycles)
.\ARM_GCC_541\Debug\AndreasBothPSoC5DAQ.a(CyFlash.o)
                              .\ARM_GCC_541\Debug\AndreasBothPSoC5DAQ.a(cyPm.o) (CyFlash_SetWaitCycles)
.\ARM_GCC_541\Debug\AndreasBothPSoC5DAQ.a(CySpc.o)
                              .\ARM_GCC_541\Debug\AndreasBothPSoC5DAQ.a(CyFlash.o) (CySpcStart)
c:/program files (x86)/cypress/psoc creator/4.4/psoc creator/import/gnu/arm/5.4.1/bin/../lib/gcc/arm-none-eabi/5.4.1/armv7-m\libgcc.a(_arm_addsubdf3.o)
                              .\ARM_GCC_541\Debug\AndreasBothPSoC5DAQ.a(ADC_DelSig_1.o) (__aeabi_f2d)
c:/program files (x86)/cypress/psoc creator/4.4/psoc creator/import/gnu/arm/5.4.1/bin/../lib/gcc/arm-none-eabi/5.4.1/armv7-m\libgcc.a(_arm_cmpdf2.o)
                              .\ARM_GCC_541\Debug\AndreasBothPSoC5DAQ.a(ADC_DelSig_1.o) (__aeabi_dcmpgt)
c:/program files (x86)/cypress/psoc creator/4.4/psoc creator/import/gnu/arm/5.4.1/bin/../lib/gcc/arm-none-eabi/5.4.1/armv7-m\libgcc.a(_arm_addsubsf3.o)
                              .\ARM_GCC_541\Debug\AndreasBothPSoC5DAQ.a(ADC_DelSig_1.o) (__aeabi_ui2f)
c:/program files (x86)/cypress/psoc creator/4.4/psoc creator/import/gnu/arm/5.4.1/bin/../lib/gcc/arm-none-eabi/5.4.1/armv7-m\libgcc.a(_arm_muldivsf3.o)
                              .\ARM_GCC_541\Debug\AndreasBothPSoC5DAQ.a(ADC_DelSig_1.o) (__aeabi_fmul)
c:/program files (x86)/cypress/psoc creator/4.4/psoc creator/import/gnu/arm/5.4.1/bin/../lib/gcc/arm-none-eabi/5.4.1/armv7-m\libgcc.a(_arm_fixunssfsi.o)
                              .\ARM_GCC_541\Debug\AndreasBothPSoC5DAQ.a(ADC_DelSig_1.o) (__aeabi_f2uiz)
c:/program files (x86)/cypress/psoc creator/4.4/psoc creator/import/gnu/arm/5.4.1/bin/../lib/gcc/arm-none-eabi/5.4.1/armv7-m\libgcc.a(_aeabi_uldivmod.o)
                              .\ARM_GCC_541\Debug\AndreasBothPSoC5DAQ.a(isr_averageData.o) (__aeabi_uldivmod)
c:/program files (x86)/cypress/psoc creator/4.4/psoc creator/import/gnu/arm/5.4.1/bin/../lib/gcc/arm-none-eabi/5.4.1/armv7-m\libgcc.a(_udivmoddi4.o)
                              c:/program files (x86)/cypress/psoc creator/4.4/psoc creator/import/gnu/arm/5.4.1/bin/../lib/gcc/arm-none-eabi/5.4.1/armv7-m\libgcc.a(_aeabi_uldivmod.o) (__udivmoddi4)
c:/program files (x86)/cypress/psoc creator/4.4/psoc creator/import/gnu/arm/5.4.1/bin/../lib/gcc/arm-none-eabi/5.4.1/armv7-m\libgcc.a(_dvmd_tls.o)
                              c:/program files (x86)/cypress/psoc creator/4.4/psoc creator/import/gnu/arm/5.4.1/bin/../lib/gcc/arm-none-eabi/5.4.1/armv7-m\libgcc.a(_aeabi_uldivmod.o) (__aeabi_ldiv0)
c:/program files (x86)/cypress/psoc creator/4.4/psoc creator/import/gnu/arm/5.4.1/bin/../lib/gcc/arm-none-eabi/5.4.1/../../../../arm-none-eabi/lib/armv7-m\libg_nano.a(lib_a-errno.o)
                              .\ARM_GCC_541\Debug\Cm3Start.o (__errno)
c:/program files (x86)/cypress/psoc creator/4.4/psoc creator/import/gnu/arm/5.4.1/bin/../lib/gcc/arm-none-eabi/5.4.1/../../../../arm-none-eabi/lib/armv7-m\libg_nano.a(lib_a-exit.o)
[...]
Memory Configuration

Name             Origin             Length             Attributes
rom              0x00000000         0x00040000         xr
ram              0x1fff8000         0x00010000         xrw
*default*        0x00000000         0xffffffff

Linker script and memory map

LOAD c:/program files (x86)/cypress/psoc creator/4.4/psoc creator/import/gnu/arm/5.4.1/bin/../lib/gcc/arm-none-eabi/5.4.1/armv7-m/crti.o
LOAD c:/program files (x86)/cypress/psoc creator/4.4/psoc creator/import/gnu/arm/5.4.1/bin/../lib/gcc/arm-none-eabi/5.4.1/armv7-m/crtbegin.o
LOAD c:/program files (x86)/cypress/psoc creator/4.4/psoc creator/import/gnu/arm/5.4.1/bin/../lib/gcc/arm-none-eabi/5.4.1/../../../../arm-none-eabi/lib/armv7-m/crt0.o
START GROUP
LOAD .\ARM_GCC_541\Debug\main.o
LOAD .\ARM_GCC_541\Debug\cyfitter_cfg.o
LOAD .\ARM_GCC_541\Debug\cymetadata.o
LOAD .\ARM_GCC_541\Debug\Cm3Start.o
LOAD .\ARM_GCC_541\Debug\AndreasBothPSoC5DAQ.a
LOAD C:\Program Files (x86)\Cypress\PSoC Creator\4.4\PSoC Creator\psoc\content\cycomponentlibrary\CyComponentLibrary.cylib\CortexM3\ARM_GCC_541\Debug\CyComponentLibrary.a
END GROUP
START GROUP
LOAD c:/program files (x86)/cypress/psoc creator/4.4/psoc creator/import/gnu/arm/5.4.1/bin/../lib/gcc/arm-none-eabi/5.4.1/armv7-m\libgcc.a
LOAD c:/program files (x86)/cypress/psoc creator/4.4/psoc creator/import/gnu/arm/5.4.1/bin/../lib/gcc/arm-none-eabi/5.4.1/../../../../arm-none-eabi/lib/armv7-m\libg_nano.a
LOAD c:/program files (x86)/cypress/psoc creator/4.4/psoc creator/import/gnu/arm/5.4.1/bin/../lib/gcc/arm-none-eabi/5.4.1/../../../../arm-none-eabi/lib/armv7-m\libc_nano.a
END GROUP
START GROUP
LOAD c:/program files (x86)/cypress/psoc creator/4.4/psoc creator/import/gnu/arm/5.4.1/bin/../lib/gcc/arm-none-eabi/5.4.1/armv7-m\libgcc.a
LOAD c:/program files (x86)/cypress/psoc creator/4.4/psoc creator/import/gnu/arm/5.4.1/bin/../lib/gcc/arm-none-eabi/5.4.1/../../../../arm-none-eabi/lib/armv7-m\libc_nano.a
END GROUP
LOAD c:/program files (x86)/cypress/psoc creator/4.4/psoc creator/import/gnu/arm/5.4.1/bin/../lib/gcc/arm-none-eabi/5.4.1/armv7-m/crtend.o
LOAD c:/program files (x86)/cypress/psoc creator/4.4/psoc creator/import/gnu/arm/5.4.1/bin/../lib/gcc/arm-none-eabi/5.4.1/armv7-m/crtn.o
START GROUP
LOAD c:/program files (x86)/cypress/psoc creator/4.4/psoc creator/import/gnu/arm/5.4.1/bin/../lib/gcc/arm-none-eabi/5.4.1/armv7-m\libgcc.a
LOAD c:/program files (x86)/cypress/psoc creator/4.4/psoc creator/import/gnu/arm/5.4.1/bin/../lib/gcc/arm-none-eabi/5.4.1/../../../../arm-none-eabi/lib/armv7-m\libc.a
LOAD c:/program files (x86)/cypress/psoc creator/4.4/psoc creator/import/gnu/arm/5.4.1/bin/../lib/gcc/arm-none-eabi/5.4.1/../../../../arm-none-eabi/lib/armv7-m\libnosys.a
END GROUP
                0x00000000                CY_APPL_ORIGIN = 0x0
                0x00000100                CY_FLASH_ROW_SIZE = 0x100
                0x00000020                CY_ECC_ROW_SIZE = 0x20
                0x00000000                CY_EE_IN_BTLDR = 0x0
                0x00000000                CY_APPL_LOADABLE = 0x0
                0x00000800                CY_EE_SIZE = 0x800
                0x00000001                CY_APPL_NUM = 0x1
                0x00000001                CY_APPL_MAX = 0x1
                0x00000040                CY_METADATA_SIZE = 0x40
                0x00000000                CY_APPL_LOADABLE = 0x0
                0x00000000                CY_CHECKSUM_EXCLUDE_SIZE = ALIGN (0x0, CY_FLASH_ROW_SIZE)
                [!provide]                PROVIDE (__cy_heap_start, _end)
                0x00000001                PROVIDE (__cy_region_num, ((__cy_regions_end - __cy_regions) / 0x10))
                0x20008000                PROVIDE (__cy_stack, (ORIGIN (ram) + LENGTH (ram)))
                [!provide]                PROVIDE (__cy_heap_end, (__cy_stack - 0x800))

.cybootloader   0x00000000        0x0
 *(.cybootloader)
                0x00000000                appl1_start = CY_APPL_ORIGIN?CY_APPL_ORIGIN:ALIGN (CY_FLASH_ROW_SIZE)
                0x0001ff00                appl2_start = (appl1_start + ALIGN ((((LENGTH (rom) - appl1_start) - (0x2 * CY_FLASH_ROW_SIZE)) / 0x2), CY_FLASH_ROW_SIZE))
                0x00000000                appl_start = (CY_APPL_NUM == 0x1)?appl1_start:appl2_start
                0x00000000                ecc_offset = ((appl_start / CY_FLASH_ROW_SIZE) * CY_ECC_ROW_SIZE)
                0x00000000                ee_offset = (CY_APPL_LOADABLE && ! (CY_EE_IN_BTLDR))?((CY_EE_SIZE / CY_APPL_MAX) * (CY_APPL_NUM - 0x1)):0x0
                0x00000800                ee_size = (CY_APPL_LOADABLE && ! (CY_EE_IN_BTLDR))?(CY_EE_SIZE / CY_APPL_MAX):CY_EE_SIZE
                [!provide]                PROVIDE (CY_ECC_OFFSET, ecc_offset)

.text           0x00000000     0x257c
 CREATE_OBJECT_SYMBOLS
                0x00000000                PROVIDE (__cy_interrupt_vector, RomVectors)
 *(.romvectors)
 .romvectors    0x00000000       0x10 .\ARM_GCC_541\Debug\Cm3Start.o
                0x00000000                RomVectors
                0x00000001                ASSERT ((. != __cy_interrupt_vector), No interrupt vector)
                0x00000001                ASSERT (CY_APPL_ORIGIN?(SIZEOF (.cybootloader) <= CY_APPL_ORIGIN):0x1, Wrong image location)
                0x00000010                PROVIDE (__cy_reset, Reset)
 *(.text.Reset)
 .text.Reset    0x00000010       0x18 .\ARM_GCC_541\Debug\Cm3Start.o
                0x00000010                Reset
                0x00000001                ASSERT ((. != __cy_reset), No reset code)
 *(.dma_init)
                0x00000001                ASSERT ((((appl_start + .) <= 0x10000) || 0x1), DMA Init must be within the first 64k of flash)
 *(.text .text.* .gnu.linkonce.t.*)
 .text          0x00000028       0x5c c:/program files (x86)/cypress/psoc creator/4.4/psoc creator/import/gnu/arm/5.4.1/bin/../lib/gcc/arm-none-eabi/5.4.1/armv7-m/crtbegin.o
 .text.main     0x00000084       0xa0 .\ARM_GCC_541\Debug\main.o
                0x00000084                main
 .text.CYMEMZERO
                0x00000124       0x1c .\ARM_GCC_541\Debug\cyfitter_cfg.o
 .text.CYCONFIGCPY
                0x00000140       0x20 .\ARM_GCC_541\Debug\cyfitter_cfg.o
 .text.CyClockStartupError
                0x00000160        0xc .\ARM_GCC_541\Debug\cyfitter_cfg.o
 .text.cfg_write_bytes32
                0x0000016c       0x74 .\ARM_GCC_541\Debug\cyfitter_cfg.o
 .text.ClockSetup
                0x000001e0      0x170 .\ARM_GCC_541\Debug\cyfitter_cfg.o
 .text.AnalogSetDefault
                0x00000350       0x58 .\ARM_GCC_541\Debug\cyfitter_cfg.o
 .text.ADC_DelSig_1_AMux_Set
                0x000003a8       0x40 .\ARM_GCC_541\Debug\cyfitter_cfg.o
                0x000003a8                ADC_DelSig_1_AMux_Set
 .text.ADC_DelSig_1_AMux_Unset
                0x000003e8       0x44 .\ARM_GCC_541\Debug\cyfitter_cfg.o
                0x000003e8                ADC_DelSig_1_AMux_Unset
 .text.cyfitter_cfg
                0x0000042c      0x188 .\ARM_GCC_541\Debug\cyfitter_cfg.o
                0x0000042c                cyfitter_cfg
 .text.IntDefaultHandler
                0x000005b4       0x14 .\ARM_GCC_541\Debug\Cm3Start.o
                0x000005b4                IntDefaultHandler
 .text._sbrk    0x000005c8       0x50 .\ARM_GCC_541\Debug\Cm3Start.o
                0x000005c8                _sbrk
 .text.Start_c  0x00000618       0x98 .\ARM_GCC_541\Debug\Cm3Start.o
                0x00000618                Start_c
 .text.initialize_psoc
                0x000006b0       0x90 .\ARM_GCC_541\Debug\Cm3Start.o
                0x000006b0                initialize_psoc
 .text.ADC_DelSig_1_Init
                0x00000740      0x158 .\ARM_GCC_541\Debug\AndreasBothPSoC5DAQ.a(ADC_DelSig_1.o)
                0x00000740                ADC_DelSig_1_Init
 .text.ADC_DelSig_1_Enable
                0x00000898      0x158 .\ARM_GCC_541\Debug\AndreasBothPSoC5DAQ.a(ADC_DelSig_1.o)
                0x00000898                ADC_DelSig_1_Enable
 .text.ADC_DelSig_1_Start
                0x000009f0       0x30 .\ARM_GCC_541\Debug\AndreasBothPSoC5DAQ.a(ADC_DelSig_1.o)
                0x000009f0                ADC_DelSig_1_Start
 .text.ADC_DelSig_1_StartConvert
                0x00000a20       0x20 .\ARM_GCC_541\Debug\AndreasBothPSoC5DAQ.a(ADC_DelSig_1.o)
                0x00000a20                ADC_DelSig_1_StartConvert
 .text.ADC_DelSig_1_GetResult16
                0x00000a40       0x7c .\ARM_GCC_541\Debug\AndreasBothPSoC5DAQ.a(ADC_DelSig_1.o)
                0x00000a40                ADC_DelSig_1_GetResult16
 .text.ADC_DelSig_1_CountsTo_mVolts
                0x00000abc       0x3c .\ARM_GCC_541\Debug\AndreasBothPSoC5DAQ.a(ADC_DelSig_1.o)
                0x00000abc                ADC_DelSig_1_CountsTo_mVolts
 .text.ADC_DelSig_1_InitConfig
                0x00000af8      0x410 .\ARM_GCC_541\Debug\AndreasBothPSoC5DAQ.a(ADC_DelSig_1.o)
 .text.ADC_DelSig_1_GainCompensation
                0x00000f08      0x170 .\ARM_GCC_541\Debug\AndreasBothPSoC5DAQ.a(ADC_DelSig_1.o)
 .text.ADC_DelSig_1_SetDSMRef0Reg
                0x00001078       0x7c .\ARM_GCC_541\Debug\AndreasBothPSoC5DAQ.a(ADC_DelSig_1.o)
 .text.ADC_DelSig_1_ISR1
                0x000010f4        0xc .\ARM_GCC_541\Debug\AndreasBothPSoC5DAQ.a(ADC_DelSig_1_INT.o)
                0x000010f4                ADC_DelSig_1_ISR1
 .text.ADC_DelSig_1_ISR2
                0x00001100        0xc .\ARM_GCC_541\Debug\AndreasBothPSoC5DAQ.a(ADC_DelSig_1_INT.o)
                0x00001100                ADC_DelSig_1_ISR2
 .text.ADC_DelSig_1_ISR3
                0x0000110c        0xc .\ARM_GCC_541\Debug\AndreasBothPSoC5DAQ.a(ADC_DelSig_1_INT.o)
                0x0000110c                ADC_DelSig_1_ISR3
 .text.ADC_DelSig_1_ISR4
                0x00001118        0xc .\ARM_GCC_541\Debug\AndreasBothPSoC5DAQ.a(ADC_DelSig_1_INT.o)
                0x00001118                ADC_DelSig_1_ISR4
 .text.UART_1_Start
                0x00001124       0x24 .\ARM_GCC_541\Debug\AndreasBothPSoC5DAQ.a(UART_1.o)
                0x00001124                UART_1_Start
 .text.UART_1_Init
                0x00001148       0x40 .\ARM_GCC_541\Debug\AndreasBothPSoC5DAQ.a(UART_1.o)
                0x00001148                UART_1_Init
 .text.UART_1_Enable
                0x00001188       0x60 .\ARM_GCC_541\Debug\AndreasBothPSoC5DAQ.a(UART_1.o)
                0x00001188                UART_1_Enable
 .text.UART_1_PutChar
                0x000011e8       0x34 .\ARM_GCC_541\Debug\AndreasBothPSoC5DAQ.a(UART_1.o)
                0x000011e8                UART_1_PutChar
 .text.UART_1_PutString
                0x0000121c       0x44 .\ARM_GCC_541\Debug\AndreasBothPSoC5DAQ.a(UART_1.o)
                0x0000121c                UART_1_PutString
 .text.ADC_DelSig_1_AMux_Start
                0x00001260       0x34 .\ARM_GCC_541\Debug\AndreasBothPSoC5DAQ.a(ADC_DelSig_1_AMux.o)
                0x00001260                ADC_DelSig_1_AMux_Start
 .text.ADC_DelSig_1_AMux_Select
                0x00001294       0x28 .\ARM_GCC_541\Debug\AndreasBothPSoC5DAQ.a(ADC_DelSig_1_AMux.o)
                0x00001294                ADC_DelSig_1_AMux_Select
 .text.ADC_DelSig_1_Ext_CP_Clk_SetDividerRegister
                0x000012bc      0x164 .\ARM_GCC_541\Debug\AndreasBothPSoC5DAQ.a(ADC_DelSig_1_Ext_CP_Clk.o)
                0x000012bc                ADC_DelSig_1_Ext_CP_Clk_SetDividerRegister
 .text.ADC_DelSig_1_Ext_CP_Clk_GetDividerRegister
                0x00001420       0x18 .\ARM_GCC_541\Debug\AndreasBothPSoC5DAQ.a(ADC_DelSig_1_Ext_CP_Clk.o)
                0x00001420                ADC_DelSig_1_Ext_CP_Clk_GetDividerRegister
 .text.ADC_DelSig_1_Ext_CP_Clk_SetModeRegister
                0x00001438       0x34 .\ARM_GCC_541\Debug\AndreasBothPSoC5DAQ.a(ADC_DelSig_1_Ext_CP_Clk.o)
                0x00001438                ADC_DelSig_1_Ext_CP_Clk_SetModeRegister
 .text.ADC_DelSig_1_Ext_CP_Clk_GetSourceRegister
                0x0000146c       0x1c .\ARM_GCC_541\Debug\AndreasBothPSoC5DAQ.a(ADC_DelSig_1_Ext_CP_Clk.o)
                0x0000146c                ADC_DelSig_1_Ext_CP_Clk_GetSourceRegister
 .text.ADC_DelSig_1_theACLK_SetDividerRegister
                0x00001488      0x164 .\ARM_GCC_541\Debug\AndreasBothPSoC5DAQ.a(ADC_DelSig_1_theACLK.o)
                0x00001488                ADC_DelSig_1_theACLK_SetDividerRegister
 .text.ADC_DelSig_1_theACLK_GetDividerRegister
                0x000015ec       0x18 .\ARM_GCC_541\Debug\AndreasBothPSoC5DAQ.a(ADC_DelSig_1_theACLK.o)
                0x000015ec                ADC_DelSig_1_theACLK_GetDividerRegister
 .text.ADC_DelSig_1_theACLK_SetModeRegister
                0x00001604       0x34 .\ARM_GCC_541\Debug\AndreasBothPSoC5DAQ.a(ADC_DelSig_1_theACLK.o)
                0x00001604                ADC_DelSig_1_theACLK_SetModeRegister
 .text.ADC_DelSig_1_theACLK_GetSourceRegister
                0x00001638       0x1c .\ARM_GCC_541\Debug\AndreasBothPSoC5DAQ.a(ADC_DelSig_1_theACLK.o)
                0x00001638                ADC_DelSig_1_theACLK_GetSourceRegister
 .text.UART_1_IntClock_Start
                0x00001654       0x34 .\ARM_GCC_541\Debug\AndreasBothPSoC5DAQ.a(UART_1_IntClock.o)
                0x00001654                UART_1_IntClock_Start
 .text.CyHalt   0x00001688       0x18 .\ARM_GCC_541\Debug\AndreasBothPSoC5DAQ.a(CyLib.o)
                0x00001688                CyHalt
 .text.CyDelayUs
                0x000016a0       0x28 .\ARM_GCC_541\Debug\AndreasBothPSoC5DAQ.a(CyLib.o)
                0x000016a0                CyDelayUs
 .text.CyIntSetVector
                0x000016c8       0x50 .\ARM_GCC_541\Debug\AndreasBothPSoC5DAQ.a(CyLib.o)
                0x000016c8                CyIntSetVector
 .text.CyIntSetPriority
                0x00001718       0x48 .\ARM_GCC_541\Debug\AndreasBothPSoC5DAQ.a(CyLib.o)
                0x00001718                CyIntSetPriority
 .text.isr_eoc_getValue_Start
                0x00001760       0x20 .\ARM_GCC_541\Debug\AndreasBothPSoC5DAQ.a(isr_eoc_getValue.o)
                0x00001760                isr_eoc_getValue_Start
 .text.isr_eoc_getValue_Interrupt
                0x00001780       0x34 .\ARM_GCC_541\Debug\AndreasBothPSoC5DAQ.a(isr_eoc_getValue.o)
                0x00001780                isr_eoc_getValue_Interrupt
 .text.isr_eoc_getValue_SetVector
                0x000017b4       0x24 .\ARM_GCC_541\Debug\AndreasBothPSoC5DAQ.a(isr_eoc_getValue.o)
                0x000017b4                isr_eoc_getValue_SetVector
 .text.isr_eoc_getValue_SetPriority
                0x000017d8       0x24 .\ARM_GCC_541\Debug\AndreasBothPSoC5DAQ.a(isr_eoc_getValue.o)
                0x000017d8                isr_eoc_getValue_SetPriority
 .text.isr_eoc_getValue_Enable
                0x000017fc       0x18 .\ARM_GCC_541\Debug\AndreasBothPSoC5DAQ.a(isr_eoc_getValue.o)
                0x000017fc                isr_eoc_getValue_Enable
 .text.isr_eoc_getValue_Disable
                0x00001814       0x18 .\ARM_GCC_541\Debug\AndreasBothPSoC5DAQ.a(isr_eoc_getValue.o)
                0x00001814                isr_eoc_getValue_Disable
 .text.isr_eoc_getValue_ClearPending
                0x0000182c       0x18 .\ARM_GCC_541\Debug\AndreasBothPSoC5DAQ.a(isr_eoc_getValue.o)
                0x0000182c                isr_eoc_getValue_ClearPending
 .text.isr_averageData_Start
                0x00001844       0x20 .\ARM_GCC_541\Debug\AndreasBothPSoC5DAQ.a(isr_averageData.o)
                0x00001844                isr_averageData_Start
 .text.isr_averageData_Interrupt
                0x00001864       0x48 .\ARM_GCC_541\Debug\AndreasBothPSoC5DAQ.a(isr_averageData.o)
                0x00001864                isr_averageData_Interrupt
 .text.isr_averageData_SetVector
                0x000018ac       0x24 .\ARM_GCC_541\Debug\AndreasBothPSoC5DAQ.a(isr_averageData.o)
                0x000018ac                isr_averageData_SetVector
 .text.isr_averageData_SetPriority
                0x000018d0       0x24 .\ARM_GCC_541\Debug\AndreasBothPSoC5DAQ.a(isr_averageData.o)
                0x000018d0                isr_averageData_SetPriority
 .text.isr_averageData_Enable
                0x000018f4       0x18 .\ARM_GCC_541\Debug\AndreasBothPSoC5DAQ.a(isr_averageData.o)
                0x000018f4                isr_averageData_Enable
 .text.isr_averageData_Disable
                0x0000190c       0x18 .\ARM_GCC_541\Debug\AndreasBothPSoC5DAQ.a(isr_averageData.o)
                0x0000190c                isr_averageData_Disable
 .text.isr_averageData_ClearPending
                0x00001924       0x18 .\ARM_GCC_541\Debug\AndreasBothPSoC5DAQ.a(isr_averageData.o)
                0x00001924                isr_averageData_ClearPending
 *fill*         0x0000193c        0x4 
 .text          0x00001940       0x54 .\ARM_GCC_541\Debug\AndreasBothPSoC5DAQ.a(CyBootAsmGnu.o)
                0x00001940                CyDelayCycles
                0x0000197e                CyEnterCriticalSection
                0x00001986                CyExitCriticalSection
 .text          0x00001994       0x30 c:/program files (x86)/cypress/psoc creator/4.4/psoc creator/import/gnu/arm/5.4.1/bin/../lib/gcc/arm-none-eabi/5.4.1/armv7-m\libgcc.a(_aeabi_uldivmod.o)
                0x00001994                __aeabi_uldivmod
 .text          0x000019c4      0x2ec c:/program files (x86)/cypress/psoc creator/4.4/psoc creator/import/gnu/arm/5.4.1/bin/../lib/gcc/arm-none-eabi/5.4.1/armv7-m\libgcc.a(_udivmoddi4.o)
                0x000019c4                __udivmoddi4
 .text          0x00001cb0        0x4 c:/program files (x86)/cypress/psoc creator/4.4/psoc creator/import/gnu/arm/5.4.1/bin/../lib/gcc/arm-none-eabi/5.4.1/armv7-m\libgcc.a(_dvmd_tls.o)
                0x00001cb0                __aeabi_idiv0
                0x00001cb0                __aeabi_ldiv0
 .text.__errno  0x00001cb4        0xc c:/program files (x86)/cypress/psoc creator/4.4/psoc creator/import/gnu/arm/5.4.1/bin/../lib/gcc/arm-none-eabi/5.4.1/../../../../arm-none-eabi/lib/armv7-m\libg_nano.a(lib_a-errno.o)
                0x00001cb4                __errno
 .text.__libc_init_array
                0x00001cc0       0x4c c:/program files (x86)/cypress/psoc creator/4.4/psoc creator/import/gnu/arm/5.4.1/bin/../lib/gcc/arm-none-eabi/5.4.1/../../../../arm-none-eabi/lib/armv7-m\libg_nano.a(lib_a-init.o)
                0x00001cc0                __libc_init_array
 .text.memcpy   0x00001d0c       0x16 c:/program files (x86)/cypress/psoc creator/4.4/psoc creator/import/gnu/arm/5.4.1/bin/../lib/gcc/arm-none-eabi/5.4.1/../../../../arm-none-eabi/lib/armv7-m\libg_nano.a(lib_a-memcpy-stub.o)
                0x00001d0c                memcpy
 .text.memset   0x00001d22       0x10 c:/program files (x86)/cypress/psoc creator/4.4/psoc creator/import/gnu/arm/5.4.1/bin/../lib/gcc/arm-none-eabi/5.4.1/../../../../arm-none-eabi/lib/armv7-m\libg_nano.a(lib_a-memset.o)
                0x00001d22                memset
 *fill*         0x00001d32        0x2 
 .text.sprintf  0x00001d34       0x48 c:/program files (x86)/cypress/psoc creator/4.4/psoc creator/import/gnu/arm/5.4.1/bin/../lib/gcc/arm-none-eabi/5.4.1/../../../../arm-none-eabi/lib/armv7-m\libg_nano.a(lib_a-sprintf.o)
                0x00001d34                siprintf
                0x00001d34                sprintf
 .text.__ssputs_r
                0x00001d7c       0xb2 c:/program files (x86)/cypress/psoc creator/4.4/psoc creator/import/gnu/arm/5.4.1/bin/../lib/gcc/arm-none-eabi/5.4.1/../../../../arm-none-eabi/lib/armv7-m\libg_nano.a(lib_a-nano-svfprintf.o)
                0x00001d7c                __ssputs_r
 *fill*         0x00001e2e        0x2 
 .text._svfprintf_r
                0x00001e30      0x1e8 c:/program files (x86)/cypress/psoc creator/4.4/psoc creator/import/gnu/arm/5.4.1/bin/../lib/gcc/arm-none-eabi/5.4.1/../../../../arm-none-eabi/lib/armv7-m\libg_nano.a(lib_a-nano-svfprintf.o)
                0x00001e30                _svfiprintf_r
                0x00001e30                _svfprintf_r
 .text._printf_common
                0x00002018       0xec c:/program files (x86)/cypress/psoc creator/4.4/psoc creator/import/gnu/arm/5.4.1/bin/../lib/gcc/arm-none-eabi/5.4.1/../../../../arm-none-eabi/lib/armv7-m\libg_nano.a(lib_a-nano-vfprintf_i.o)
                0x00002018                _printf_common
 .text._printf_i
                0x00002104      0x24c c:/program files (x86)/cypress/psoc creator/4.4/psoc creator/import/gnu/arm/5.4.1/bin/../lib/gcc/arm-none-eabi/5.4.1/../../../../arm-none-eabi/lib/armv7-m\libg_nano.a(lib_a-nano-vfprintf_i.o)
                0x00002104                _printf_i
 .text.memchr   0x00002350       0x1c c:/program files (x86)/cypress/psoc creator/4.4/psoc creator/import/gnu/arm/5.4.1/bin/../lib/gcc/arm-none-eabi/5.4.1/../../../../arm-none-eabi/lib/armv7-m\libg_nano.a(lib_a-memchr-stub.o)
                0x00002350                memchr
 .text.memmove  0x0000236c       0x36 c:/program files (x86)/cypress/psoc creator/4.4/psoc creator/import/gnu/arm/5.4.1/bin/../lib/gcc/arm-none-eabi/5.4.1/../../../../arm-none-eabi/lib/armv7-m\libg_nano.a(lib_a-memmove.o)
                0x0000236c                memmove
 *fill*         0x000023a2        0x2 
 .text._free_r  0x000023a4       0x98 c:/program files (x86)/cypress/psoc creator/4.4/psoc creator/import/gnu/arm/5.4.1/bin/../lib/gcc/arm-none-eabi/5.4.1/../../../../arm-none-eabi/lib/armv7-m\libg_nano.a(lib_a-nano-freer.o)
                0x000023a4                _free_r
 .text._malloc_r
                0x0000243c       0xbc c:/program files (x86)/cypress/psoc creator/4.4/psoc creator/import/gnu/arm/5.4.1/bin/../lib/gcc/arm-none-eabi/5.4.1/../../../../arm-none-eabi/lib/armv7-m\libg_nano.a(lib_a-nano-mallocr.o)
                0x0000243c                _malloc_r
 .text._realloc_r
                0x000024f8       0x4c c:/program files (x86)/cypress/psoc creator/4.4/psoc creator/import/gnu/arm/5.4.1/bin/../lib/gcc/arm-none-eabi/5.4.1/../../../../arm-none-eabi/lib/armv7-m\libg_nano.a(lib_a-nano-reallocr.o)
                0x000024f8                _realloc_r
 .text._sbrk_r  0x00002544       0x20 c:/program files (x86)/cypress/psoc creator/4.4/psoc creator/import/gnu/arm/5.4.1/bin/../lib/gcc/arm-none-eabi/5.4.1/../../../../arm-none-eabi/lib/armv7-m\libg_nano.a(lib_a-sbrkr.o)
                0x00002544                _sbrk_r
 .text.__malloc_lock
                0x00002564        0x2 c:/program files (x86)/cypress/psoc creator/4.4/psoc creator/import/gnu/arm/5.4.1/bin/../lib/gcc/arm-none-eabi/5.4.1/../../../../arm-none-eabi/lib/armv7-m\libg_nano.a(lib_a-mlock.o)
                0x00002564                __malloc_lock
 .text.__malloc_unlock
                0x00002566        0x2 c:/program files (x86)/cypress/psoc creator/4.4/psoc creator/import/gnu/arm/5.4.1/bin/../lib/gcc/arm-none-eabi/5.4.1/../../../../arm-none-eabi/lib/armv7-m\libg_nano.a(lib_a-mlock.o)
                0x00002566                __malloc_unlock
 .text._malloc_usable_size_r
                0x00002568       0x14 c:/program files (x86)/cypress/psoc creator/4.4/psoc creator/import/gnu/arm/5.4.1/bin/../lib/gcc/arm-none-eabi/5.4.1/../../../../arm-none-eabi/lib/armv7-m\libg_nano.a(lib_a-nano-msizer.o)
                0x00002568                _malloc_usable_size_r
 *(.plt)
 *(.gnu.warning)
 *(.glue_7t)
 .glue_7t       0x0000257c        0x0 linker stubs
 *(.glue_7)
 .glue_7        0x0000257c        0x0 linker stubs
 *(.vfp11_veneer)
 .vfp11_veneer  0x0000257c        0x0 linker stubs
 *(.bootloader)
 *(.ARM.extab* .gnu.linkonce.armextab.*)
 *(.gcc_except_table)

.v4_bx          0x0000257c        0x0
 .v4_bx         0x0000257c        0x0 linker stubs

.iplt           0x0000257c        0x0
 .iplt          0x0000257c        0x0 c:/program files (x86)/cypress/psoc creator/4.4/psoc creator/import/gnu/arm/5.4.1/bin/../lib/gcc/arm-none-eabi/5.4.1/armv7-m/crtbegin.o

.eh_frame_hdr
 *(.eh_frame_hdr)

.eh_frame       0x0000257c        0x4
 *(.eh_frame)
 .eh_frame      0x0000257c        0x0 c:/program files (x86)/cypress/psoc creator/4.4/psoc creator/import/gnu/arm/5.4.1/bin/../lib/gcc/arm-none-eabi/5.4.1/armv7-m/crtbegin.o
 .eh_frame      0x0000257c        0x4 c:/program files (x86)/cypress/psoc creator/4.4/psoc creator/import/gnu/arm/5.4.1/bin/../lib/gcc/arm-none-eabi/5.4.1/armv7-m/crtend.o
                [!provide]                PROVIDE (__exidx_start, .)

.ARM.exidx      0x00002580        0x8
 *(.ARM.exidx* .gnu.linkonce.armexidx.*)
 .ARM.exidx     0x00002580        0x8 c:/program files (x86)/cypress/psoc creator/4.4/psoc creator/import/gnu/arm/5.4.1/bin/../lib/gcc/arm-none-eabi/5.4.1/armv7-m\libgcc.a(_udivmoddi4.o)
                0x00002588                __exidx_end = .

.rodata         0x00002588      0x100
 *(.rodata .rodata.* .gnu.linkonce.r.*)
 .rodata        0x00002588       0x4c .\ARM_GCC_541\Debug\main.o
 .rodata        0x000025d4       0x46 .\ARM_GCC_541\Debug\cyfitter_cfg.o
                0x000025d4                ADC_DelSig_1_AMux__addrTable
                0x000025dc                ADC_DelSig_1_AMux__maskTable
 .rodata.str1.1
                0x0000261a        0x2 c:/program files (x86)/cypress/psoc creator/4.4/psoc creator/import/gnu/arm/5.4.1/bin/../lib/gcc/arm-none-eabi/5.4.1/../../../../arm-none-eabi/lib/armv7-m\libg_nano.a(lib_a-impure.o)
 .rodata.str1.1
                0x0000261c       0x11 c:/program files (x86)/cypress/psoc creator/4.4/psoc creator/import/gnu/arm/5.4.1/bin/../lib/gcc/arm-none-eabi/5.4.1/../../../../arm-none-eabi/lib/armv7-m\libg_nano.a(lib_a-nano-svfprintf.o)
 .rodata.str1.1
                0x0000262d       0x22 c:/program files (x86)/cypress/psoc creator/4.4/psoc creator/import/gnu/arm/5.4.1/bin/../lib/gcc/arm-none-eabi/5.4.1/../../../../arm-none-eabi/lib/armv7-m\libg_nano.a(lib_a-nano-vfprintf_i.o)
                0x00002650                . = ALIGN (0x4)
 *fill*         0x0000264f        0x1 
 *(.init)
 .init          0x00002650        0x4 c:/program files (x86)/cypress/psoc creator/4.4/psoc creator/import/gnu/arm/5.4.1/bin/../lib/gcc/arm-none-eabi/5.4.1/armv7-m/crti.o
                0x00002650                _init
 .init          0x00002654        0x8 c:/program files (x86)/cypress/psoc creator/4.4/psoc creator/import/gnu/arm/5.4.1/bin/../lib/gcc/arm-none-eabi/5.4.1/armv7-m/crtn.o
                0x0000265c                . = ALIGN (0x4)
                0x0000265c                __preinit_array_start = .
 *(.preinit_array)
                0x0000265c                __preinit_array_end = .
                0x0000265c                . = ALIGN (0x4)
                0x0000265c                __init_array_start = .
 *(SORT(.init_array.*))
 *(.init_array)
 .init_array    0x0000265c        0x4 c:/program files (x86)/cypress/psoc creator/4.4/psoc creator/import/gnu/arm/5.4.1/bin/../lib/gcc/arm-none-eabi/5.4.1/armv7-m/crtbegin.o
 .init_array    0x00002660        0x4 .\ARM_GCC_541\Debug\Cm3Start.o
                0x00002664                __init_array_end = .
                0x00002664                . = ALIGN (0x4)
 *(.fini)
 .fini          0x00002664        0x4 c:/program files (x86)/cypress/psoc creator/4.4/psoc creator/import/gnu/arm/5.4.1/bin/../lib/gcc/arm-none-eabi/5.4.1/armv7-m/crti.o
                0x00002664                _fini
 .fini          0x00002668        0x8 c:/program files (x86)/cypress/psoc creator/4.4/psoc creator/import/gnu/arm/5.4.1/bin/../lib/gcc/arm-none-eabi/5.4.1/armv7-m/crtn.o
                0x00002670                . = ALIGN (0x4)
                0x00002670                __fini_array_start = .
 *(.fini_array)
 .fini_array    0x00002670        0x4 c:/program files (x86)/cypress/psoc creator/4.4/psoc creator/import/gnu/arm/5.4.1/bin/../lib/gcc/arm-none-eabi/5.4.1/armv7-m/crtbegin.o
 *(SORT(.fini_array.*))
                0x00002674                __fini_array_end = .
                0x00002674                . = ALIGN (0x4)
 *crtbegin.o(.ctors)
 *(EXCLUDE_FILE(*crtend.o) .ctors)
 *(SORT(.ctors.*))
 *crtend.o(.ctors)
                0x00002674                . = ALIGN (0x4)
 *crtbegin.o(.dtors)
 *(EXCLUDE_FILE(*crtend.o) .dtors)
 *(SORT(.dtors.*))
 *crtend.o(.dtors)
                0x00002674                . = ALIGN (0x4)
                0x00002674                __cy_regions = .
                0x00002674        0x4 LONG 0x2688 __cy_region_init_ram
                0x00002678        0x4 LONG 0x1fff80c8 __cy_region_start_data
                0x0000267c        0x4 LONG 0x80 __cy_region_init_size_ram
                0x00002680        0x4 LONG 0x60 __cy_region_zero_size_ram
                0x00002684                __cy_regions_end = .
                0x00002688                . = ALIGN (0x8)
 *fill*         0x00002684        0x4 
                0x00002688                _etext = .

.cy_checksum_exclude
                0x00002688        0x0
 *(.cy_checksum_exclude)

.ramvectors     0x1fff8000       0xc0
                0x1fff8000                __cy_region_start_ram = .
 *(.ramvectors)
 .ramvectors    0x1fff8000       0xc0 .\ARM_GCC_541\Debug\Cm3Start.o
                0x1fff8000                CyRamVectors

.noinit         0x1fff80c0        0x5
 *(.noinit)
 .noinit        0x1fff80c0        0x4 .\ARM_GCC_541\Debug\Cm3Start.o
 .noinit        0x1fff80c4        0x1 .\ARM_GCC_541\Debug\AndreasBothPSoC5DAQ.a(CyLib.o)
                0x1fff80c4                CyResetStatus

.data           0x1fff80c8       0x80 load address 0x00002688
                0x1fff80c8                __cy_region_start_data = .
 *(.jcr)
 .jcr           0x1fff80c8        0x0 c:/program files (x86)/cypress/psoc creator/4.4/psoc creator/import/gnu/arm/5.4.1/bin/../lib/gcc/arm-none-eabi/5.4.1/armv7-m/crtbegin.o
 .jcr           0x1fff80c8        0x4 c:/program files (x86)/cypress/psoc creator/4.4/psoc creator/import/gnu/arm/5.4.1/bin/../lib/gcc/arm-none-eabi/5.4.1/armv7-m/crtend.o
 *(.got.plt)
 *(.got)
 *(.shdata)
 *(.data .data.* .gnu.linkonce.d.*)
 .data          0x1fff80cc        0x4 .\ARM_GCC_541\Debug\Cm3Start.o
 .data          0x1fff80d0        0x1 .\ARM_GCC_541\Debug\AndreasBothPSoC5DAQ.a(ADC_DelSig_1.o)
                0x1fff80d0                ADC_DelSig_1_Config
 .data          0x1fff80d1        0x1 .\ARM_GCC_541\Debug\AndreasBothPSoC5DAQ.a(ADC_DelSig_1_AMux.o)
 *fill*         0x1fff80d2        0x2 
 .data          0x1fff80d4       0x10 .\ARM_GCC_541\Debug\AndreasBothPSoC5DAQ.a(CyLib.o)
                0x1fff80d4                cydelay_freq_hz
                0x1fff80d8                cydelay_freq_khz
                0x1fff80dc                cydelay_freq_mhz
                0x1fff80e0                cydelay_32k_ms
 .data.impure_data
                0x1fff80e4       0x60 c:/program files (x86)/cypress/psoc creator/4.4/psoc creator/import/gnu/arm/5.4.1/bin/../lib/gcc/arm-none-eabi/5.4.1/../../../../arm-none-eabi/lib/armv7-m\libg_nano.a(lib_a-impure.o)
 .data._impure_ptr
                0x1fff8144        0x4 c:/program files (x86)/cypress/psoc creator/4.4/psoc creator/import/gnu/arm/5.4.1/bin/../lib/gcc/arm-none-eabi/5.4.1/../../../../arm-none-eabi/lib/armv7-m\libg_nano.a(lib_a-impure.o)
                0x1fff8144                _impure_ptr
                0x1fff8148                . = ALIGN (0x8)
 *(.ram)
                0x1fff8148                _edata = .

.igot.plt       0x1fff8148        0x0 load address 0x00002708
 .igot.plt      0x1fff8148        0x0 c:/program files (x86)/cypress/psoc creator/4.4/psoc creator/import/gnu/arm/5.4.1/bin/../lib/gcc/arm-none-eabi/5.4.1/armv7-m/crtbegin.o

.bss            0x1fff8148       0x60 load address 0x00002708
                0x1fff8148                PROVIDE (__bss_start__, .)
 *(.shbss)
 *(.bss .bss.* .gnu.linkonce.b.*)
 .bss           0x1fff8148       0x1c c:/program files (x86)/cypress/psoc creator/4.4/psoc creator/import/gnu/arm/5.4.1/bin/../lib/gcc/arm-none-eabi/5.4.1/armv7-m/crtbegin.o
 *fill*         0x1fff8164        0x4 
 .bss           0x1fff8168        0xd .\ARM_GCC_541\Debug\main.o
                0x1fff8168                gInputSum
                0x1fff8170                gAverageData
                0x1fff8174                gSendAverage
 *fill*         0x1fff8175        0x3 
 .bss           0x1fff8178       0x18 .\ARM_GCC_541\Debug\AndreasBothPSoC5DAQ.a(ADC_DelSig_1.o)
                0x1fff8178                ADC_DelSig_1_convDone
                0x1fff8179                ADC_DelSig_1_stopConversion
                0x1fff817a                ADC_DelSig_1_initVar
                0x1fff817b                ADC_DelSig_1_started
                0x1fff817c                ADC_DelSig_1_Offset
 .bss           0x1fff8190        0x2 .\ARM_GCC_541\Debug\AndreasBothPSoC5DAQ.a(UART_1.o)
                0x1fff8190                UART_1_initVar
 *fill*         0x1fff8192        0x2 
 .bss.__malloc_sbrk_start
                0x1fff8194        0x4 c:/program files (x86)/cypress/psoc creator/4.4/psoc creator/import/gnu/arm/5.4.1/bin/../lib/gcc/arm-none-eabi/5.4.1/../../../../arm-none-eabi/lib/armv7-m\libg_nano.a(lib_a-nano-mallocr.o)
                0x1fff8194                __malloc_sbrk_start
 .bss.__malloc_free_list
                0x1fff8198        0x4 c:/program files (x86)/cypress/psoc creator/4.4/psoc creator/import/gnu/arm/5.4.1/bin/../lib/gcc/arm-none-eabi/5.4.1/../../../../arm-none-eabi/lib/armv7-m\libg_nano.a(lib_a-nano-mallocr.o)
                0x1fff8198                __malloc_free_list
 *(COMMON)
 COMMON         0x1fff819c        0x4 .\ARM_GCC_541\Debug\AndreasBothPSoC5DAQ.a(ADC_DelSig_1.o)
                0x1fff819c                ADC_DelSig_1_CountsPerVolt
 COMMON         0x1fff81a0        0x4 c:/program files (x86)/cypress/psoc creator/4.4/psoc creator/import/gnu/arm/5.4.1/bin/../lib/gcc/arm-none-eabi/5.4.1/../../../../arm-none-eabi/lib/armv7-m\libg_nano.a(lib_a-reent.o)
                0x1fff81a0                errno
                0x1fff81a8                . = ALIGN (0x8)
 *fill*         0x1fff81a4        0x4 
 *(.ram.b)
                0x1fff81a8                _end = .
                0x1fff81a8                __end = .
                0x1fff81a8                PROVIDE (end, .)
                0x1fff81a8                PROVIDE (__bss_end__, .)
                0x00002688                __cy_region_init_ram = LOADADDR (.data)
                0x00000080                __cy_region_init_size_ram = (_edata - ADDR (.data))
                0x00000060                __cy_region_zero_size_ram = (_end - _edata)

.heap           0x1fff81a8       0x80 load address 0x00002708
                0x1fff81a8                . = _end
                0x1fff8228                . = (. + 0x80)
 *fill*         0x1fff81a8       0x80 
                0x1fff8228                __cy_heap_limit = .

.stack          0x20007800      0x800
                0x20007800                __cy_stack_limit = .
                0x20008000                . = (. + 0x800)
 *fill*         0x20007800      0x800 
                0x00000001                ASSERT ((__cy_stack_limit >= __cy_heap_limit), region RAM overflowed with stack)
                0x00000000                cy_checksum_exclude_size = (CY_APPL_LOADABLE == 0x1)?SIZEOF (.cy_checksum_exclude):0x0
                0x00000001                ASSERT ((cy_checksum_exclude_size <= CY_CHECKSUM_EXCLUDE_SIZE), CY_BOOT: Section .cy_checksum_exclude size exceedes specified limit.)

.cyloadermeta
 *(.cyloadermeta)

.cyloadablemeta
 *(.cyloadablemeta)

.cyconfigecc    0x80000000      0x370
 *(.cyconfigecc)
 .cyconfigecc   0x80000000      0x370 .\ARM_GCC_541\Debug\cymetadata.o
                0x80000000                cy_meta_configecc

.cycustnvl      0x90000000        0x4
 *(.cycustnvl)
 .cycustnvl     0x90000000        0x4 .\ARM_GCC_541\Debug\cymetadata.o
                0x90000000                cy_meta_custnvl

.cywolatch      0x90100000        0x4
 *(.cywolatch)
 .cywolatch     0x90100000        0x4 .\ARM_GCC_541\Debug\cymetadata.o
                0x90100000                cy_meta_wonvl

.cyeeprom       0x90200000        0x0
 *(.cyeeprom)
                0x00000001                ASSERT ((. <= ((0x90200000 + ee_offset) + ee_size)), .cyeeprom data will not fit in EEPROM)

.cyflashprotect
                0x90400000      0x100
 *(.cyflashprotect)
 .cyflashprotect
                0x90400000      0x100 .\ARM_GCC_541\Debug\cymetadata.o
                0x90400000                cy_meta_flashprotect

.cymeta         0x90500000        0xc
 *(.cymeta)
 .cymeta        0x90500000        0xc .\ARM_GCC_541\Debug\cymetadata.o
                0x90500000                cy_metadata

.rel.dyn        0x00002708        0x0 load address 0x9050000c
 .rel.iplt      0x00002708        0x0 c:/program files (x86)/cypress/psoc creator/4.4/psoc creator/import/gnu/arm/5.4.1/bin/../lib/gcc/arm-none-eabi/5.4.1/armv7-m/crtbegin.o

.stab
 *(.stab)

.stabstr
 *(.stabstr)

.debug
 *(.debug)

.line
 *(.line)

.debug_srcinfo
 *(.debug_srcinfo)

.debug_sfnames
 *(.debug_sfnames)

.debug_aranges  0x00000000      0x9f0
 *(.debug_aranges)
 .debug_aranges
                0x00000000       0x20 .\ARM_GCC_541\Debug\main.o
 .debug_aranges
                0x00000020       0x70 .\ARM_GCC_541\Debug\cyfitter_cfg.o
 .debug_aranges
                0x00000090       0x18 .\ARM_GCC_541\Debug\cymetadata.o
 .debug_aranges
                0x000000a8       0x48 .\ARM_GCC_541\Debug\Cm3Start.o
 .debug_aranges
                0x000000f0       0xe8 .\ARM_GCC_541\Debug\AndreasBothPSoC5DAQ.a(ADC_DelSig_1.o)
 .debug_aranges
                0x000001d8       0x38 .\ARM_GCC_541\Debug\AndreasBothPSoC5DAQ.a(ADC_DelSig_1_INT.o)
 .debug_aranges
                0x00000210       0xf0 .\ARM_GCC_541\Debug\AndreasBothPSoC5DAQ.a(UART_1.o)
 .debug_aranges
                0x00000300       0x30 .\ARM_GCC_541\Debug\AndreasBothPSoC5DAQ.a(ADC_DelSig_1_AMux.o)
 .debug_aranges
                0x00000330       0x70 .\ARM_GCC_541\Debug\AndreasBothPSoC5DAQ.a(ADC_DelSig_1_Ext_CP_Clk.o)
 .debug_aranges
                0x000003a0       0x80 .\ARM_GCC_541\Debug\AndreasBothPSoC5DAQ.a(ADC_DelSig_1_theACLK.o)
 .debug_aranges
                0x00000420       0x70 .\ARM_GCC_541\Debug\AndreasBothPSoC5DAQ.a(UART_1_IntClock.o)
 .debug_aranges
                0x00000490      0x2a0 .\ARM_GCC_541\Debug\AndreasBothPSoC5DAQ.a(CyLib.o)
 .debug_aranges
                0x00000730       0x98 .\ARM_GCC_541\Debug\AndreasBothPSoC5DAQ.a(cyPm.o)
 .debug_aranges
                0x000007c8       0x80 .\ARM_GCC_541\Debug\AndreasBothPSoC5DAQ.a(isr_eoc_getValue.o)
 .debug_aranges
                0x00000848       0x80 .\ARM_GCC_541\Debug\AndreasBothPSoC5DAQ.a(isr_averageData.o)
 .debug_aranges
                0x000008c8       0x20 .\ARM_GCC_541\Debug\AndreasBothPSoC5DAQ.a(CyBootAsmGnu.o)
 .debug_aranges
                0x000008e8       0x88 .\ARM_GCC_541\Debug\AndreasBothPSoC5DAQ.a(CyFlash.o)
 .debug_aranges
                0x00000970       0x80 .\ARM_GCC_541\Debug\AndreasBothPSoC5DAQ.a(CySpc.o)

.debug_pubnames
 *(.debug_pubnames)

.debug_info     0x00000000     0x426c
 *(.debug_info .gnu.linkonce.wi.*)
 .debug_info    0x00000000      0x17c .\ARM_GCC_541\Debug\main.o
 .debug_info    0x0000017c      0x500 .\ARM_GCC_541\Debug\cyfitter_cfg.o
 .debug_info    0x0000067c      0x135 .\ARM_GCC_541\Debug\cymetadata.o
 .debug_info    0x000007b1      0x32b .\ARM_GCC_541\Debug\Cm3Start.o
 .debug_info    0x00000adc      0x72c .\ARM_GCC_541\Debug\AndreasBothPSoC5DAQ.a(ADC_DelSig_1.o)
 .debug_info    0x00001208       0xd3 .\ARM_GCC_541\Debug\AndreasBothPSoC5DAQ.a(ADC_DelSig_1_INT.o)
 .debug_info    0x000012db      0x50a .\ARM_GCC_541\Debug\AndreasBothPSoC5DAQ.a(UART_1.o)
 .debug_info    0x000017e5      0x10a .\ARM_GCC_541\Debug\AndreasBothPSoC5DAQ.a(ADC_DelSig_1_AMux.o)
 .debug_info    0x000018ef      0x25d .\ARM_GCC_541\Debug\AndreasBothPSoC5DAQ.a(ADC_DelSig_1_Ext_CP_Clk.o)
 .debug_info    0x00001b4c      0x299 .\ARM_GCC_541\Debug\AndreasBothPSoC5DAQ.a(ADC_DelSig_1_theACLK.o)
 .debug_info    0x00001de5      0x25d .\ARM_GCC_541\Debug\AndreasBothPSoC5DAQ.a(UART_1_IntClock.o)
 .debug_info    0x00002042      0xe51 .\ARM_GCC_541\Debug\AndreasBothPSoC5DAQ.a(CyLib.o)
 .debug_info    0x00002e93      0x57a .\ARM_GCC_541\Debug\AndreasBothPSoC5DAQ.a(cyPm.o)
 .debug_info    0x0000340d      0x284 .\ARM_GCC_541\Debug\AndreasBothPSoC5DAQ.a(isr_eoc_getValue.o)
 .debug_info    0x00003691      0x29a .\ARM_GCC_541\Debug\AndreasBothPSoC5DAQ.a(isr_averageData.o)
 .debug_info    0x0000392b       0xc8 .\ARM_GCC_541\Debug\AndreasBothPSoC5DAQ.a(CyBootAsmGnu.o)
 .debug_info    0x000039f3      0x3b9 .\ARM_GCC_541\Debug\AndreasBothPSoC5DAQ.a(CyFlash.o)
 .debug_info    0x00003dac      0x4c0 .\ARM_GCC_541\Debug\AndreasBothPSoC5DAQ.a(CySpc.o)

.debug_abbrev   0x00000000     0x150b
 *(.debug_abbrev)
 .debug_abbrev  0x00000000       0xa8 .\ARM_GCC_541\Debug\main.o
 .debug_abbrev  0x000000a8      0x1ca .\ARM_GCC_541\Debug\cyfitter_cfg.o
 .debug_abbrev  0x00000272       0x66 .\ARM_GCC_541\Debug\cymetadata.o
 .debug_abbrev  0x000002d8      0x1d6 .\ARM_GCC_541\Debug\Cm3Start.o
 .debug_abbrev  0x000004ae      0x19d .\ARM_GCC_541\Debug\AndreasBothPSoC5DAQ.a(ADC_DelSig_1.o)
 .debug_abbrev  0x0000064b       0x42 .\ARM_GCC_541\Debug\AndreasBothPSoC5DAQ.a(ADC_DelSig_1_INT.o)
 .debug_abbrev  0x0000068d      0x163 .\ARM_GCC_541\Debug\AndreasBothPSoC5DAQ.a(UART_1.o)
 .debug_abbrev  0x000007f0       0x6f .\ARM_GCC_541\Debug\AndreasBothPSoC5DAQ.a(ADC_DelSig_1_AMux.o)
 .debug_abbrev  0x0000085f      0x11d .\ARM_GCC_541\Debug\AndreasBothPSoC5DAQ.a(ADC_DelSig_1_Ext_CP_Clk.o)
 .debug_abbrev  0x0000097c      0x11d .\ARM_GCC_541\Debug\AndreasBothPSoC5DAQ.a(ADC_DelSig_1_theACLK.o)
 .debug_abbrev  0x00000a99      0x11d .\ARM_GCC_541\Debug\AndreasBothPSoC5DAQ.a(UART_1_IntClock.o)
 .debug_abbrev  0x00000bb6      0x217 .\ARM_GCC_541\Debug\AndreasBothPSoC5DAQ.a(CyLib.o)
 .debug_abbrev  0x00000dcd      0x161 .\ARM_GCC_541\Debug\AndreasBothPSoC5DAQ.a(cyPm.o)
 .debug_abbrev  0x00000f2e      0x189 .\ARM_GCC_541\Debug\AndreasBothPSoC5DAQ.a(isr_eoc_getValue.o)
 .debug_abbrev  0x000010b7      0x189 .\ARM_GCC_541\Debug\AndreasBothPSoC5DAQ.a(isr_averageData.o)
 .debug_abbrev  0x00001240       0x14 .\ARM_GCC_541\Debug\AndreasBothPSoC5DAQ.a(CyBootAsmGnu.o)
 .debug_abbrev  0x00001254      0x14b .\ARM_GCC_541\Debug\AndreasBothPSoC5DAQ.a(CyFlash.o)
 .debug_abbrev  0x0000139f      0x16c .\ARM_GCC_541\Debug\AndreasBothPSoC5DAQ.a(CySpc.o)

.debug_line     0x00000000     0x29c5
 *(.debug_line)
 .debug_line    0x00000000      0x17b .\ARM_GCC_541\Debug\main.o
 .debug_line    0x0000017b      0x24c .\ARM_GCC_541\Debug\cyfitter_cfg.o
 .debug_line    0x000003c7      0x141 .\ARM_GCC_541\Debug\cymetadata.o
 .debug_line    0x00000508      0x1dc .\ARM_GCC_541\Debug\Cm3Start.o
 .debug_line    0x000006e4      0x3d7 .\ARM_GCC_541\Debug\AndreasBothPSoC5DAQ.a(ADC_DelSig_1.o)
 .debug_line    0x00000abb       0x95 .\ARM_GCC_541\Debug\AndreasBothPSoC5DAQ.a(ADC_DelSig_1_INT.o)
 .debug_line    0x00000b50      0x2e4 .\ARM_GCC_541\Debug\AndreasBothPSoC5DAQ.a(UART_1.o)
 .debug_line    0x00000e34       0xa6 .\ARM_GCC_541\Debug\AndreasBothPSoC5DAQ.a(ADC_DelSig_1_AMux.o)
 .debug_line    0x00000eda      0x1b6 .\ARM_GCC_541\Debug\AndreasBothPSoC5DAQ.a(ADC_DelSig_1_Ext_CP_Clk.o)
 .debug_line    0x00001090      0x1d7 .\ARM_GCC_541\Debug\AndreasBothPSoC5DAQ.a(ADC_DelSig_1_theACLK.o)
 .debug_line    0x00001267      0x1ae .\ARM_GCC_541\Debug\AndreasBothPSoC5DAQ.a(UART_1_IntClock.o)
 .debug_line    0x00001415      0x883 .\ARM_GCC_541\Debug\AndreasBothPSoC5DAQ.a(CyLib.o)
 .debug_line    0x00001c98      0x38e .\ARM_GCC_541\Debug\AndreasBothPSoC5DAQ.a(cyPm.o)
 .debug_line    0x00002026      0x269 .\ARM_GCC_541\Debug\AndreasBothPSoC5DAQ.a(isr_eoc_getValue.o)
 .debug_line    0x0000228f      0x259 .\ARM_GCC_541\Debug\AndreasBothPSoC5DAQ.a(isr_averageData.o)
 .debug_line    0x000024e8       0x7d .\ARM_GCC_541\Debug\AndreasBothPSoC5DAQ.a(CyBootAsmGnu.o)
 .debug_line    0x00002565      0x22f .\ARM_GCC_541\Debug\AndreasBothPSoC5DAQ.a(CyFlash.o)
 .debug_line    0x00002794      0x231 .\ARM_GCC_541\Debug\AndreasBothPSoC5DAQ.a(CySpc.o)

.debug_frame    0x00000000     0x2c44
 *(.debug_frame)
 .debug_frame   0x00000000       0x30 .\ARM_GCC_541\Debug\main.o
 .debug_frame   0x00000030      0x1bc .\ARM_GCC_541\Debug\cyfitter_cfg.o
 .debug_frame   0x000001ec       0xd8 .\ARM_GCC_541\Debug\Cm3Start.o
 .debug_frame   0x000002c4      0x40c .\ARM_GCC_541\Debug\AndreasBothPSoC5DAQ.a(ADC_DelSig_1.o)
 .debug_frame   0x000006d0       0xa0 .\ARM_GCC_541\Debug\AndreasBothPSoC5DAQ.a(ADC_DelSig_1_INT.o)
 .debug_frame   0x00000770      0x42c .\ARM_GCC_541\Debug\AndreasBothPSoC5DAQ.a(UART_1.o)
 .debug_frame   0x00000b9c       0x88 .\ARM_GCC_541\Debug\AndreasBothPSoC5DAQ.a(ADC_DelSig_1_AMux.o)
 .debug_frame   0x00000c24      0x1b4 .\ARM_GCC_541\Debug\AndreasBothPSoC5DAQ.a(ADC_DelSig_1_Ext_CP_Clk.o)
 .debug_frame   0x00000dd8      0x200 .\ARM_GCC_541\Debug\AndreasBothPSoC5DAQ.a(ADC_DelSig_1_theACLK.o)
 .debug_frame   0x00000fd8      0x1b4 .\ARM_GCC_541\Debug\AndreasBothPSoC5DAQ.a(UART_1_IntClock.o)
 .debug_frame   0x0000118c      0xc0c .\ARM_GCC_541\Debug\AndreasBothPSoC5DAQ.a(CyLib.o)
 .debug_frame   0x00001d98      0x234 .\ARM_GCC_541\Debug\AndreasBothPSoC5DAQ.a(cyPm.o)
 .debug_frame   0x00001fcc      0x1e8 .\ARM_GCC_541\Debug\AndreasBothPSoC5DAQ.a(isr_eoc_getValue.o)
 .debug_frame   0x000021b4      0x1e8 .\ARM_GCC_541\Debug\AndreasBothPSoC5DAQ.a(isr_averageData.o)
 .debug_frame   0x0000239c      0x238 .\ARM_GCC_541\Debug\AndreasBothPSoC5DAQ.a(CyFlash.o)
 .debug_frame   0x000025d4      0x228 .\ARM_GCC_541\Debug\AndreasBothPSoC5DAQ.a(CySpc.o)
 .debug_frame   0x000027fc       0x2c c:/program files (x86)/cypress/psoc creator/4.4/psoc creator/import/gnu/arm/5.4.1/bin/../lib/gcc/arm-none-eabi/5.4.1/armv7-m\libgcc.a(_aeabi_uldivmod.o)
 .debug_frame   0x00002828       0x38 c:/program files (x86)/cypress/psoc creator/4.4/psoc creator/import/gnu/arm/5.4.1/bin/../lib/gcc/arm-none-eabi/5.4.1/armv7-m\libgcc.a(_udivmoddi4.o)
 .debug_frame   0x00002860       0x20 c:/program files (x86)/cypress/psoc creator/4.4/psoc creator/import/gnu/arm/5.4.1/bin/../lib/gcc/arm-none-eabi/5.4.1/../../../../arm-none-eabi/lib/armv7-m\libg_nano.a(lib_a-errno.o)
 .debug_frame   0x00002880       0x28 c:/program files (x86)/cypress/psoc creator/4.4/psoc creator/import/gnu/arm/5.4.1/bin/../lib/gcc/arm-none-eabi/5.4.1/../../../../arm-none-eabi/lib/armv7-m\libg_nano.a(lib_a-exit.o)
 .debug_frame   0x000028a8       0x2c c:/program files (x86)/cypress/psoc creator/4.4/psoc creator/import/gnu/arm/5.4.1/bin/../lib/gcc/arm-none-eabi/5.4.1/../../../../arm-none-eabi/lib/armv7-m\libg_nano.a(lib_a-init.o)
 .debug_frame   0x000028d4       0x28 c:/program files (x86)/cypress/psoc creator/4.4/psoc creator/import/gnu/arm/5.4.1/bin/../lib/gcc/arm-none-eabi/5.4.1/../../../../arm-none-eabi/lib/armv7-m\libg_nano.a(lib_a-memcpy-stub.o)
 .debug_frame   0x000028fc       0x20 c:/program files (x86)/cypress/psoc creator/4.4/psoc creator/import/gnu/arm/5.4.1/bin/../lib/gcc/arm-none-eabi/5.4.1/../../../../arm-none-eabi/lib/armv7-m\libg_nano.a(lib_a-memset.o)
 .debug_frame   0x0000291c       0x70 c:/program files (x86)/cypress/psoc creator/4.4/psoc creator/import/gnu/arm/5.4.1/bin/../lib/gcc/arm-none-eabi/5.4.1/../../../../arm-none-eabi/lib/armv7-m\libg_nano.a(lib_a-sprintf.o)
 .debug_frame   0x0000298c       0x90 c:/program files (x86)/cypress/psoc creator/4.4/psoc creator/import/gnu/arm/5.4.1/bin/../lib/gcc/arm-none-eabi/5.4.1/../../../../arm-none-eabi/lib/armv7-m\libg_nano.a(lib_a-nano-svfprintf.o)
 .debug_frame   0x00002a1c       0x60 c:/program files (x86)/cypress/psoc creator/4.4/psoc creator/import/gnu/arm/5.4.1/bin/../lib/gcc/arm-none-eabi/5.4.1/../../../../arm-none-eabi/lib/armv7-m\libg_nano.a(lib_a-nano-vfprintf_i.o)
 .debug_frame   0x00002a7c       0x28 c:/program files (x86)/cypress/psoc creator/4.4/psoc creator/import/gnu/arm/5.4.1/bin/../lib/gcc/arm-none-eabi/5.4.1/../../../../arm-none-eabi/lib/armv7-m\libg_nano.a(lib_a-memchr-stub.o)
 .debug_frame   0x00002aa4       0x28 c:/program files (x86)/cypress/psoc creator/4.4/psoc creator/import/gnu/arm/5.4.1/bin/../lib/gcc/arm-none-eabi/5.4.1/../../../../arm-none-eabi/lib/armv7-m\libg_nano.a(lib_a-memmove.o)
 .debug_frame   0x00002acc       0x38 c:/program files (x86)/cypress/psoc creator/4.4/psoc creator/import/gnu/arm/5.4.1/bin/../lib/gcc/arm-none-eabi/5.4.1/../../../../arm-none-eabi/lib/armv7-m\libg_nano.a(lib_a-nano-freer.o)
 .debug_frame   0x00002b04       0x2c c:/program files (x86)/cypress/psoc creator/4.4/psoc creator/import/gnu/arm/5.4.1/bin/../lib/gcc/arm-none-eabi/5.4.1/../../../../arm-none-eabi/lib/armv7-m\libg_nano.a(lib_a-nano-mallocr.o)
 .debug_frame   0x00002b30       0x3c c:/program files (x86)/cypress/psoc creator/4.4/psoc creator/import/gnu/arm/5.4.1/bin/../lib/gcc/arm-none-eabi/5.4.1/../../../../arm-none-eabi/lib/armv7-m\libg_nano.a(lib_a-nano-reallocr.o)
 .debug_frame   0x00002b6c       0x2c c:/program files (x86)/cypress/psoc creator/4.4/psoc creator/import/gnu/arm/5.4.1/bin/../lib/gcc/arm-none-eabi/5.4.1/../../../../arm-none-eabi/lib/armv7-m\libg_nano.a(lib_a-sbrkr.o)
 .debug_frame   0x00002b98       0x30 c:/program files (x86)/cypress/psoc creator/4.4/psoc creator/import/gnu/arm/5.4.1/bin/../lib/gcc/arm-none-eabi/5.4.1/../../../../arm-none-eabi/lib/armv7-m\libg_nano.a(lib_a-mlock.o)
 .debug_frame   0x00002bc8       0x20 c:/program files (x86)/cypress/psoc creator/4.4/psoc creator/import/gnu/arm/5.4.1/bin/../lib/gcc/arm-none-eabi/5.4.1/../../../../arm-none-eabi/lib/armv7-m\libg_nano.a(lib_a-nano-msizer.o)
 .debug_frame   0x00002be8       0x5c c:/program files (x86)/cypress/psoc creator/4.4/psoc creator/import/gnu/arm/5.4.1/bin/../lib/gcc/arm-none-eabi/5.4.1/../../../../arm-none-eabi/lib/armv7-m\libg_nano.a(lib_a-reent.o)

.debug_str      0x00000000     0x2434
 *(.debug_str)
 .debug_str     0x00000000      0x20e .\ARM_GCC_541\Debug\main.o
                                0x256 (size before relaxing)
 .debug_str     0x0000020e      0x20c .\ARM_GCC_541\Debug\cyfitter_cfg.o
                                0x3e0 (size before relaxing)
 .debug_str     0x0000041a       0x7f .\ARM_GCC_541\Debug\cymetadata.o
                                0x21c (size before relaxing)
 .debug_str     0x00000499      0x123 .\ARM_GCC_541\Debug\Cm3Start.o
                                0x30f (size before relaxing)
 .debug_str     0x000005bc      0x43e .\ARM_GCC_541\Debug\AndreasBothPSoC5DAQ.a(ADC_DelSig_1.o)
                                0x65b (size before relaxing)
 .debug_str     0x000009fa       0x72 .\ARM_GCC_541\Debug\AndreasBothPSoC5DAQ.a(ADC_DelSig_1_INT.o)
                                0x225 (size before relaxing)
 .debug_str     0x00000a6c      0x2a1 .\ARM_GCC_541\Debug\AndreasBothPSoC5DAQ.a(UART_1.o)
                                0x493 (size before relaxing)
 .debug_str     0x00000d0d       0x9c .\ARM_GCC_541\Debug\AndreasBothPSoC5DAQ.a(ADC_DelSig_1_AMux.o)
                                0x248 (size before relaxing)
 .debug_str     0x00000da9      0x220 .\ARM_GCC_541\Debug\AndreasBothPSoC5DAQ.a(ADC_DelSig_1_Ext_CP_Clk.o)
                                0x3e6 (size before relaxing)
 .debug_str     0x00000fc9      0x208 .\ARM_GCC_541\Debug\AndreasBothPSoC5DAQ.a(ADC_DelSig_1_theACLK.o)
                                0x417 (size before relaxing)
 .debug_str     0x000011d1      0x177 .\ARM_GCC_541\Debug\AndreasBothPSoC5DAQ.a(UART_1_IntClock.o)
                                0x386 (size before relaxing)
 .debug_str     0x00001348      0x806 .\ARM_GCC_541\Debug\AndreasBothPSoC5DAQ.a(CyLib.o)
                                0xa22 (size before relaxing)
 .debug_str     0x00001b4e      0x371 .\ARM_GCC_541\Debug\AndreasBothPSoC5DAQ.a(cyPm.o)
                                0x57b (size before relaxing)
 .debug_str     0x00001ebf      0x180 .\ARM_GCC_541\Debug\AndreasBothPSoC5DAQ.a(isr_eoc_getValue.o)
                                0x3a8 (size before relaxing)
 .debug_str     0x0000203f      0x172 .\ARM_GCC_541\Debug\AndreasBothPSoC5DAQ.a(isr_averageData.o)
                                0x3b4 (size before relaxing)
 .debug_str     0x000021b1      0x156 .\ARM_GCC_541\Debug\AndreasBothPSoC5DAQ.a(CyFlash.o)
                                0x33f (size before relaxing)
 .debug_str     0x00002307      0x12d .\ARM_GCC_541\Debug\AndreasBothPSoC5DAQ.a(CySpc.o)
                                0x339 (size before relaxing)

.debug_loc
 *(.debug_loc)

.debug_macinfo
 *(.debug_macinfo)

.debug_ranges   0x00000000      0x8b8
 *(.debug_ranges)
 .debug_ranges  0x00000000       0x10 .\ARM_GCC_541\Debug\main.o
 .debug_ranges  0x00000010       0x60 .\ARM_GCC_541\Debug\cyfitter_cfg.o
 .debug_ranges  0x00000070       0x38 .\ARM_GCC_541\Debug\Cm3Start.o
 .debug_ranges  0x000000a8       0xd8 .\ARM_GCC_541\Debug\AndreasBothPSoC5DAQ.a(ADC_DelSig_1.o)
 .debug_ranges  0x00000180       0x28 .\ARM_GCC_541\Debug\AndreasBothPSoC5DAQ.a(ADC_DelSig_1_INT.o)
 .debug_ranges  0x000001a8       0xe0 .\ARM_GCC_541\Debug\AndreasBothPSoC5DAQ.a(UART_1.o)
 .debug_ranges  0x00000288       0x20 .\ARM_GCC_541\Debug\AndreasBothPSoC5DAQ.a(ADC_DelSig_1_AMux.o)
 .debug_ranges  0x000002a8       0x60 .\ARM_GCC_541\Debug\AndreasBothPSoC5DAQ.a(ADC_DelSig_1_Ext_CP_Clk.o)
 .debug_ranges  0x00000308       0x70 .\ARM_GCC_541\Debug\AndreasBothPSoC5DAQ.a(ADC_DelSig_1_theACLK.o)
 .debug_ranges  0x00000378       0x60 .\ARM_GCC_541\Debug\AndreasBothPSoC5DAQ.a(UART_1_IntClock.o)
 .debug_ranges  0x000003d8      0x290 .\ARM_GCC_541\Debug\AndreasBothPSoC5DAQ.a(CyLib.o)
 .debug_ranges  0x00000668       0x88 .\ARM_GCC_541\Debug\AndreasBothPSoC5DAQ.a(cyPm.o)
 .debug_ranges  0x000006f0       0x70 .\ARM_GCC_541\Debug\AndreasBothPSoC5DAQ.a(isr_eoc_getValue.o)
 .debug_ranges  0x00000760       0x70 .\ARM_GCC_541\Debug\AndreasBothPSoC5DAQ.a(isr_averageData.o)
 .debug_ranges  0x000007d0       0x78 .\ARM_GCC_541\Debug\AndreasBothPSoC5DAQ.a(CyFlash.o)
 .debug_ranges  0x00000848       0x70 .\ARM_GCC_541\Debug\AndreasBothPSoC5DAQ.a(CySpc.o)

.comment        0x00000000       0x6e
 .comment       0x00000000       0x6e .\ARM_GCC_541\Debug\main.o
                                 0x6f (size before relaxing)
 .comment       0x0000006e       0x6f .\ARM_GCC_541\Debug\cyfitter_cfg.o
 .comment       0x0000006e       0x6f .\ARM_GCC_541\Debug\cymetadata.o
 .comment       0x0000006e       0x6f .\ARM_GCC_541\Debug\Cm3Start.o
 .comment       0x0000006e       0x6f .\ARM_GCC_541\Debug\AndreasBothPSoC5DAQ.a(ADC_DelSig_1.o)
 .comment       0x0000006e       0x6f .\ARM_GCC_541\Debug\AndreasBothPSoC5DAQ.a(ADC_DelSig_1_INT.o)
 .comment       0x0000006e       0x6f .\ARM_GCC_541\Debug\AndreasBothPSoC5DAQ.a(UART_1.o)
 .comment       0x0000006e       0x6f .\ARM_GCC_541\Debug\AndreasBothPSoC5DAQ.a(ADC_DelSig_1_AMux.o)
 .comment       0x0000006e       0x6f .\ARM_GCC_541\Debug\AndreasBothPSoC5DAQ.a(ADC_DelSig_1_Ext_CP_Clk.o)
 .comment       0x0000006e       0x6f .\ARM_GCC_541\Debug\AndreasBothPSoC5DAQ.a(ADC_DelSig_1_theACLK.o)
 .comment       0x0000006e       0x6f .\ARM_GCC_541\Debug\AndreasBothPSoC5DAQ.a(UART_1_IntClock.o)
 .comment       0x0000006e       0x6f .\ARM_GCC_541\Debug\AndreasBothPSoC5DAQ.a(CyLib.o)
 .comment       0x0000006e       0x6f .\ARM_GCC_541\Debug\AndreasBothPSoC5DAQ.a(cyPm.o)
 .comment       0x0000006e       0x6f .\ARM_GCC_541\Debug\AndreasBothPSoC5DAQ.a(isr_eoc_getValue.o)
 .comment       0x0000006e       0x6f .\ARM_GCC_541\Debug\AndreasBothPSoC5DAQ.a(isr_averageData.o)
 .comment       0x0000006e       0x6f .\ARM_GCC_541\Debug\AndreasBothPSoC5DAQ.a(CyFlash.o)
 .comment       0x0000006e       0x6f .\ARM_GCC_541\Debug\AndreasBothPSoC5DAQ.a(CySpc.o)

.debug_weaknames
 *(.debug_weaknames)

.debug_funcnames
 *(.debug_funcnames)

.debug_typenames
 *(.debug_typenames)

.debug_varnames
 *(.debug_varnames)

.note.gnu.arm.ident
 *(.note.gnu.arm.ident)

.ARM.attributes
                0x00000000       0x29
 *(.ARM.attributes)
 .ARM.attributes
                0x00000000       0x1d c:/program files (x86)/cypress/psoc creator/4.4/psoc creator/import/gnu/arm/5.4.1/bin/../lib/gcc/arm-none-eabi/5.4.1/armv7-m/crti.o
 .ARM.attributes
                0x0000001d       0x2d c:/program files (x86)/cypress/psoc creator/4.4/psoc creator/import/gnu/arm/5.4.1/bin/../lib/gcc/arm-none-eabi/5.4.1/armv7-m/crtbegin.o
 .ARM.attributes
                0x0000004a       0x1b c:/program files (x86)/cypress/psoc creator/4.4/psoc creator/import/gnu/arm/5.4.1/bin/../lib/gcc/arm-none-eabi/5.4.1/../../../../arm-none-eabi/lib/armv7-m/crt0.o
 .ARM.attributes
                0x00000065       0x33 .\ARM_GCC_541\Debug\main.o
 .ARM.attributes
                0x00000098       0x33 .\ARM_GCC_541\Debug\cyfitter_cfg.o
 .ARM.attributes
                0x000000cb       0x33 .\ARM_GCC_541\Debug\cymetadata.o
 .ARM.attributes
                0x000000fe       0x33 .\ARM_GCC_541\Debug\Cm3Start.o
 .ARM.attributes
                0x00000131       0x33 .\ARM_GCC_541\Debug\AndreasBothPSoC5DAQ.a(ADC_DelSig_1.o)
 .ARM.attributes
                0x00000164       0x33 .\ARM_GCC_541\Debug\AndreasBothPSoC5DAQ.a(ADC_DelSig_1_INT.o)
 .ARM.attributes
                0x00000197       0x33 .\ARM_GCC_541\Debug\AndreasBothPSoC5DAQ.a(UART_1.o)
 .ARM.attributes
                0x000001ca       0x33 .\ARM_GCC_541\Debug\AndreasBothPSoC5DAQ.a(ADC_DelSig_1_AMux.o)
 .ARM.attributes
                0x000001fd       0x33 .\ARM_GCC_541\Debug\AndreasBothPSoC5DAQ.a(ADC_DelSig_1_Ext_CP_Clk.o)
 .ARM.attributes
                0x00000230       0x33 .\ARM_GCC_541\Debug\AndreasBothPSoC5DAQ.a(ADC_DelSig_1_theACLK.o)
 .ARM.attributes
                0x00000263       0x33 .\ARM_GCC_541\Debug\AndreasBothPSoC5DAQ.a(UART_1_IntClock.o)
 .ARM.attributes
                0x00000296       0x33 .\ARM_GCC_541\Debug\AndreasBothPSoC5DAQ.a(CyLib.o)
 .ARM.attributes
                0x000002c9       0x33 .\ARM_GCC_541\Debug\AndreasBothPSoC5DAQ.a(cyPm.o)
 .ARM.attributes
                0x000002fc       0x33 .\ARM_GCC_541\Debug\AndreasBothPSoC5DAQ.a(isr_eoc_getValue.o)
 .ARM.attributes
                0x0000032f       0x33 .\ARM_GCC_541\Debug\AndreasBothPSoC5DAQ.a(isr_averageData.o)
 .ARM.attributes
                0x00000362       0x21 .\ARM_GCC_541\Debug\AndreasBothPSoC5DAQ.a(CyBootAsmGnu.o)
 .ARM.attributes
                0x00000383       0x33 .\ARM_GCC_541\Debug\AndreasBothPSoC5DAQ.a(CyFlash.o)
 .ARM.attributes
                0x000003b6       0x33 .\ARM_GCC_541\Debug\AndreasBothPSoC5DAQ.a(CySpc.o)
 .ARM.attributes
                0x000003e9       0x1d c:/program files (x86)/cypress/psoc creator/4.4/psoc creator/import/gnu/arm/5.4.1/bin/../lib/gcc/arm-none-eabi/5.4.1/armv7-m\libgcc.a(_arm_addsubdf3.o)
 .ARM.attributes
                0x00000406       0x1d c:/program files (x86)/cypress/psoc creator/4.4/psoc creator/import/gnu/arm/5.4.1/bin/../lib/gcc/arm-none-eabi/5.4.1/armv7-m\libgcc.a(_arm_cmpdf2.o)
 .ARM.attributes
                0x00000423       0x1d c:/program files (x86)/cypress/psoc creator/4.4/psoc creator/import/gnu/arm/5.4.1/bin/../lib/gcc/arm-none-eabi/5.4.1/armv7-m\libgcc.a(_arm_addsubsf3.o)
 .ARM.attributes
                0x00000440       0x1d c:/program files (x86)/cypress/psoc creator/4.4/psoc creator/import/gnu/arm/5.4.1/bin/../lib/gcc/arm-none-eabi/5.4.1/armv7-m\libgcc.a(_arm_muldivsf3.o)
 .ARM.attributes
                0x0000045d       0x1d c:/program files (x86)/cypress/psoc creator/4.4/psoc creator/import/gnu/arm/5.4.1/bin/../lib/gcc/arm-none-eabi/5.4.1/armv7-m\libgcc.a(_arm_fixunssfsi.o)
 .ARM.attributes
                0x0000047a       0x1d c:/program files (x86)/cypress/psoc creator/4.4/psoc creator/import/gnu/arm/5.4.1/bin/../lib/gcc/arm-none-eabi/5.4.1/armv7-m\libgcc.a(_aeabi_uldivmod.o)
 .ARM.attributes
                0x00000497       0x2d c:/program files (x86)/cypress/psoc creator/4.4/psoc creator/import/gnu/arm/5.4.1/bin/../lib/gcc/arm-none-eabi/5.4.1/armv7-m\libgcc.a(_udivmoddi4.o)
 .ARM.attributes
                0x000004c4       0x1d c:/program files (x86)/cypress/psoc creator/4.4/psoc creator/import/gnu/arm/5.4.1/bin/../lib/gcc/arm-none-eabi/5.4.1/armv7-m\libgcc.a(_dvmd_tls.o)
 .ARM.attributes
                0x000004e1       0x2d c:/program files (x86)/cypress/psoc creator/4.4/psoc creator/import/gnu/arm/5.4.1/bin/../lib/gcc/arm-none-eabi/5.4.1/../../../../arm-none-eabi/lib/armv7-m\libg_nano.a(lib_a-errno.o)
 .ARM.attributes
                0x0000050e       0x2d c:/program files (x86)/cypress/psoc creator/4.4/psoc creator/import/gnu/arm/5.4.1/bin/../lib/gcc/arm-none-eabi/5.4.1/../../../../arm-none-eabi/lib/armv7-m\libg_nano.a(lib_a-exit.o)
 .ARM.attributes
                0x0000053b       0x2d c:/program files (x86)/cypress/psoc creator/4.4/psoc creator/import/gnu/arm/5.4.1/bin/../lib/gcc/arm-none-eabi/5.4.1/../../../../arm-none-eabi/lib/armv7-m\libg_nano.a(lib_a-impure.o)
 .ARM.attributes
                0x00000568       0x2d c:/program files (x86)/cypress/psoc creator/4.4/psoc creator/import/gnu/arm/5.4.1/bin/../lib/gcc/arm-none-eabi/5.4.1/../../../../arm-none-eabi/lib/armv7-m\libg_nano.a(lib_a-init.o)
 .ARM.attributes
                0x00000595       0x2d c:/program files (x86)/cypress/psoc creator/4.4/psoc creator/import/gnu/arm/5.4.1/bin/../lib/gcc/arm-none-eabi/5.4.1/../../../../arm-none-eabi/lib/armv7-m\libg_nano.a(lib_a-memcpy-stub.o)
 .ARM.attributes
                0x000005c2       0x2d c:/program files (x86)/cypress/psoc creator/4.4/psoc creator/import/gnu/arm/5.4.1/bin/../lib/gcc/arm-none-eabi/5.4.1/../../../../arm-none-eabi/lib/armv7-m\libg_nano.a(lib_a-memset.o)
 .ARM.attributes
                0x000005ef       0x2d c:/program files (x86)/cypress/psoc creator/4.4/psoc creator/import/gnu/arm/5.4.1/bin/../lib/gcc/arm-none-eabi/5.4.1/../../../../arm-none-eabi/lib/armv7-m\libg_nano.a(lib_a-sprintf.o)
 .ARM.attributes
                0x0000061c       0x2d c:/program files (x86)/cypress/psoc creator/4.4/psoc creator/import/gnu/arm/5.4.1/bin/../lib/gcc/arm-none-eabi/5.4.1/../../../../arm-none-eabi/lib/armv7-m\libg_nano.a(lib_a-nano-svfprintf.o)
 .ARM.attributes
                0x00000649       0x2d c:/program files (x86)/cypress/psoc creator/4.4/psoc creator/import/gnu/arm/5.4.1/bin/../lib/gcc/arm-none-eabi/5.4.1/../../../../arm-none-eabi/lib/armv7-m\libg_nano.a(lib_a-nano-vfprintf_i.o)
 .ARM.attributes
                0x00000676       0x2d c:/program files (x86)/cypress/psoc creator/4.4/psoc creator/import/gnu/arm/5.4.1/bin/../lib/gcc/arm-none-eabi/5.4.1/../../../../arm-none-eabi/lib/armv7-m\libg_nano.a(lib_a-memchr-stub.o)
 .ARM.attributes
                0x000006a3       0x2d c:/program files (x86)/cypress/psoc creator/4.4/psoc creator/import/gnu/arm/5.4.1/bin/../lib/gcc/arm-none-eabi/5.4.1/../../../../arm-none-eabi/lib/armv7-m\libg_nano.a(lib_a-memmove.o)
 .ARM.attributes
                0x000006d0       0x2d c:/program files (x86)/cypress/psoc creator/4.4/psoc creator/import/gnu/arm/5.4.1/bin/../lib/gcc/arm-none-eabi/5.4.1/../../../../arm-none-eabi/lib/armv7-m\libg_nano.a(lib_a-nano-freer.o)
 .ARM.attributes
                0x000006fd       0x2d c:/program files (x86)/cypress/psoc creator/4.4/psoc creator/import/gnu/arm/5.4.1/bin/../lib/gcc/arm-none-eabi/5.4.1/../../../../arm-none-eabi/lib/armv7-m\libg_nano.a(lib_a-nano-mallocr.o)
 .ARM.attributes
                0x0000072a       0x2d c:/program files (x86)/cypress/psoc creator/4.4/psoc creator/import/gnu/arm/5.4.1/bin/../lib/gcc/arm-none-eabi/5.4.1/../../../../arm-none-eabi/lib/armv7-m\libg_nano.a(lib_a-nano-reallocr.o)
 .ARM.attributes
                0x00000757       0x2d c:/program files (x86)/cypress/psoc creator/4.4/psoc creator/import/gnu/arm/5.4.1/bin/../lib/gcc/arm-none-eabi/5.4.1/../../../../arm-none-eabi/lib/armv7-m\libg_nano.a(lib_a-sbrkr.o)
 .ARM.attributes
                0x00000784       0x2d c:/program files (x86)/cypress/psoc creator/4.4/psoc creator/import/gnu/arm/5.4.1/bin/../lib/gcc/arm-none-eabi/5.4.1/../../../../arm-none-eabi/lib/armv7-m\libg_nano.a(lib_a-mlock.o)
 .ARM.attributes
                0x000007b1       0x2d c:/program files (x86)/cypress/psoc creator/4.4/psoc creator/import/gnu/arm/5.4.1/bin/../lib/gcc/arm-none-eabi/5.4.1/../../../../arm-none-eabi/lib/armv7-m\libg_nano.a(lib_a-nano-msizer.o)
 .ARM.attributes
                0x000007de       0x2d c:/program files (x86)/cypress/psoc creator/4.4/psoc creator/import/gnu/arm/5.4.1/bin/../lib/gcc/arm-none-eabi/5.4.1/../../../../arm-none-eabi/lib/armv7-m\libg_nano.a(lib_a-reent.o)
 .ARM.attributes
                0x0000080b       0x2d c:/program files (x86)/cypress/psoc creator/4.4/psoc creator/import/gnu/arm/5.4.1/bin/../lib/gcc/arm-none-eabi/5.4.1/armv7-m/crtend.o
 .ARM.attributes
                0x00000838       0x1d c:/program files (x86)/cypress/psoc creator/4.4/psoc creator/import/gnu/arm/5.4.1/bin/../lib/gcc/arm-none-eabi/5.4.1/armv7-m/crtn.o

/DISCARD/
 *(.note.GNU-stack)
OUTPUT(C:\UserData\z004c8dn\OneDrive - Siemens AG\Dokumente\PSoC Creator\AndreasBothPSoC5DAQ_workspace\AndreasBothPSoC5DAQ.cydsn\ARM_GCC_541\Debug\AndreasBothPSoC5DAQ.elf elf32-littlearm)
