ARM GAS  C:\Users\z004c8dn\AppData\Local\Temp\cchlWGvh.s 			page 1


   1              		.syntax unified
   2              		.cpu cortex-m3
   3              		.fpu softvfp
   4              		.eabi_attribute 20, 1
   5              		.eabi_attribute 21, 1
   6              		.eabi_attribute 23, 3
   7              		.eabi_attribute 24, 1
   8              		.eabi_attribute 25, 1
   9              		.eabi_attribute 26, 1
  10              		.eabi_attribute 30, 6
  11              		.eabi_attribute 34, 1
  12              		.eabi_attribute 18, 4
  13              		.thumb
  14              		.syntax unified
  15              		.file	"main.c"
  16              		.text
  17              	.Ltext0:
  18              		.cfi_sections	.debug_frame
  19              		.global	gInputSum
  20              		.bss
  21              		.align	3
  22              		.type	gInputSum, %object
  23              		.size	gInputSum, 8
  24              	gInputSum:
  25 0000 00000000 		.space	8
  25      00000000 
  26              		.global	gAverageData
  27              		.align	2
  28              		.type	gAverageData, %object
  29              		.size	gAverageData, 4
  30              	gAverageData:
  31 0008 00000000 		.space	4
  32              		.global	gSendAverage
  33              		.type	gSendAverage, %object
  34              		.size	gSendAverage, 1
  35              	gSendAverage:
  36 000c 00       		.space	1
  37              		.section	.rodata
  38              		.align	2
  39              	.LC0:
  40 0000 434F4D20 		.ascii	"COM Port Open\015\012\000"
  40      506F7274 
  40      204F7065 
  40      6E0D0A00 
  41              		.align	2
  42              	.LC1:
  43 0010 7B0A2256 		.ascii	"{\012\"Voltage [mV]\" : %lu,\015\012 \"Temperature "
  43      6F6C7461 
  43      6765205B 
  43      6D565D22 
  43      203A2025 
  44 0037 5B435D22 		.ascii	"[C]\" : %hu.%hu \015\012}\015\012\000"
  44      203A2025 
  44      68752E25 
  44      6875200D 
  44      0A7D0D0A 
  45              		.section	.text.main,"ax",%progbits
ARM GAS  C:\Users\z004c8dn\AppData\Local\Temp\cchlWGvh.s 			page 2


  46              		.align	2
  47              		.global	main
  48              		.thumb
  49              		.thumb_func
  50              		.type	main, %function
  51              	main:
  52              	.LFB64:
  53              		.file 1 "main.c"
   1:main.c        **** /******************************************************************************
   2:main.c        **** * File Name: main.c
   3:main.c        **** *
   4:main.c        **** * Version: 1.11
   5:main.c        **** *
   6:main.c        **** * Description: This is the source code for the ADC and UART code example.
   7:main.c        **** *
   8:main.c        **** * Related Document: CE195277_ADC_and_UART.pdf
   9:main.c        **** *
  10:main.c        **** * Hardware Dependency: See CE195277_ADC_and_UART.pdf
  11:main.c        **** *
  12:main.c        **** * Note:
  13:main.c        **** * EDITED BY: Andreas BOTH
  14:main.c        **** * DATE: 2024-04-16
  15:main.c        **** * COURSE ID:tx00db04
  16:main.c        **** * DESCRIPTION:  changed the output, such that the ADC temperature value and corresponding
  17:main.c        **** *               temperature in Celsius coming from a LM35DZ temperature
  18:main.c        **** *               sensor is transmitted via UART as JSON data script.
  19:main.c        **** *
  20:main.c        **** *******************************************************************************
  21:main.c        **** * Copyright (2018-2020), Cypress Semiconductor Corporation. All rights reserved.
  22:main.c        **** *******************************************************************************
  23:main.c        **** * This software, including source code, documentation and related materials
  24:main.c        **** * (“Software”), is owned by Cypress Semiconductor Corporation or one of its
  25:main.c        **** * subsidiaries (“Cypress”) and is protected by and subject to worldwide patent
  26:main.c        **** * protection (United States and foreign), United States copyright laws and
  27:main.c        **** * international treaty provisions. Therefore, you may use this Software only
  28:main.c        **** * as provided in the license agreement accompanying the software package from
  29:main.c        **** * which you obtained this Software (“EULA”).
  30:main.c        **** *
  31:main.c        **** * If no EULA applies, Cypress hereby grants you a personal, nonexclusive,
  32:main.c        **** * non-transferable license to copy, modify, and compile the Software source
  33:main.c        **** * code solely for use in connection with Cypress’s integrated circuit products.
  34:main.c        **** * Any reproduction, modification, translation, compilation, or representation
  35:main.c        **** * of this Software except as specified above is prohibited without the express
  36:main.c        **** * written permission of Cypress.
  37:main.c        **** *
  38:main.c        **** * Disclaimer: THIS SOFTWARE IS PROVIDED AS-IS, WITH NO WARRANTY OF ANY KIND, 
  39:main.c        **** * EXPRESS OR IMPLIED, INCLUDING, BUT NOT LIMITED TO, NONINFRINGEMENT, IMPLIED 
  40:main.c        **** * WARRANTIES OF MERCHANTABILITY AND FITNESS FOR A PARTICULAR PURPOSE. Cypress 
  41:main.c        **** * reserves the right to make changes to the Software without notice. Cypress 
  42:main.c        **** * does not assume any liability arising out of the application or use of the 
  43:main.c        **** * Software or any product or circuit described in the Software. Cypress does 
  44:main.c        **** * not authorize its products for use in any products where a malfunction or 
  45:main.c        **** * failure of the Cypress product may reasonably be expected to result in 
  46:main.c        **** * significant property damage, injury or death (“High Risk Product”). By 
  47:main.c        **** * including Cypress’s product in a High Risk Product, the manufacturer of such 
  48:main.c        **** * system or application assumes all risk of such use and in doing so agrees to 
  49:main.c        **** * indemnify Cypress against all liability.
ARM GAS  C:\Users\z004c8dn\AppData\Local\Temp\cchlWGvh.s 			page 3


  50:main.c        **** *******************************************************************************/
  51:main.c        **** 
  52:main.c        **** #include <project.h>
  53:main.c        **** #include "stdio.h"
  54:main.c        **** 
  55:main.c        **** /* Project Defines */
  56:main.c        **** #define FALSE  0
  57:main.c        **** #define TRUE   1
  58:main.c        **** #define TRANSMIT_BUFFER_SIZE  50
  59:main.c        **** 
  60:main.c        **** 
  61:main.c        **** /*Global Variables*/
  62:main.c        **** /*used to store the sum of the input over the duration of one second
  63:main.c        **** 64 Bit value that way you can add 16 Bit into it about 2^48 times*/
  64:main.c        **** volatile uint64 gInputSum = 0;
  65:main.c        **** 
  66:main.c        **** volatile uint32 gAverageData = 0;
  67:main.c        **** volatile uint8 gSendAverage = 0; //Flag set every second
  68:main.c        **** 
  69:main.c        **** /*******************************************************************************
  70:main.c        **** * Function Name: main
  71:main.c        **** ********************************************************************************
  72:main.c        **** *
  73:main.c        **** * Summary:
  74:main.c        **** *  main() performs following functions:
  75:main.c        **** *  1: Starts the ADC and UART components.
  76:main.c        **** *  2: Checks for ADC end of conversion.  Stores latest result in output
  77:main.c        **** *     if conversion complete.
  78:main.c        **** *  3: Checks for UART input.
  79:main.c        **** *     On 'C' or 'c' received: transmits the last sample via the UART.
  80:main.c        **** *     On 'S' or 's' received: continuously transmits samples as they are completed.
  81:main.c        **** *     On 'X' or 'x' received: stops continuously transmitting samples.
  82:main.c        **** *     On 'E' or 'e' received: transmits a dummy byte of data.
  83:main.c        **** *
  84:main.c        **** * Parameters:
  85:main.c        **** *  None.
  86:main.c        **** *
  87:main.c        **** * Return:
  88:main.c        **** *  None.
  89:main.c        **** *
  90:main.c        **** *******************************************************************************/
  91:main.c        **** int main()
  92:main.c        **** {
  54              		.loc 1 92 0
  55              		.cfi_startproc
  56              		@ args = 0, pretend = 0, frame = 56
  57              		@ frame_needed = 1, uses_anonymous_args = 0
  58 0000 80B5     		push	{r7, lr}
  59              		.cfi_def_cfa_offset 8
  60              		.cfi_offset 7, -8
  61              		.cfi_offset 14, -4
  62 0002 90B0     		sub	sp, sp, #64
  63              		.cfi_def_cfa_offset 72
  64 0004 02AF     		add	r7, sp, #8
  65              		.cfi_def_cfa 7, 64
  93:main.c        ****     /* Variable to store ADC result */
  94:main.c        ****     uint16 temperatureIntPart;      //stores the integer value of the temperature
ARM GAS  C:\Users\z004c8dn\AppData\Local\Temp\cchlWGvh.s 			page 4


  95:main.c        ****     uint16 temperatureDecimalPart;  //stores the decimal part of the temperature
  96:main.c        ****    
  97:main.c        ****     
  98:main.c        ****     /* Transmit Buffer */
  99:main.c        ****     char TransmitBuffer[TRANSMIT_BUFFER_SIZE];
 100:main.c        ****     
 101:main.c        ****     /* Start the components */
 102:main.c        ****     ADC_DelSig_1_Start();
  66              		.loc 1 102 0
  67 0006 FFF7FEFF 		bl	ADC_DelSig_1_Start
 103:main.c        ****     UART_1_Start();
  68              		.loc 1 103 0
  69 000a FFF7FEFF 		bl	UART_1_Start
 104:main.c        ****     
 105:main.c        ****     isr_eoc_getValue_ClearPending();
  70              		.loc 1 105 0
  71 000e FFF7FEFF 		bl	isr_eoc_getValue_ClearPending
 106:main.c        ****     isr_eoc_getValue_Start();
  72              		.loc 1 106 0
  73 0012 FFF7FEFF 		bl	isr_eoc_getValue_Start
 107:main.c        ****     
 108:main.c        ****     isr_averageData_ClearPending();
  74              		.loc 1 108 0
  75 0016 FFF7FEFF 		bl	isr_averageData_ClearPending
 109:main.c        ****     isr_averageData_Start();
  76              		.loc 1 109 0
  77 001a FFF7FEFF 		bl	isr_averageData_Start
 110:main.c        ****     
 111:main.c        ****     CyGlobalIntEnable
  78              		.loc 1 111 0
  79              		.syntax unified
  80              	@ 111 "main.c" 1
  81 001e 62B6     		CPSIE   i
  82              	@ 0 "" 2
 112:main.c        ****     /* Initialize Variables */
 113:main.c        ****     gSendAverage = FALSE;
  83              		.loc 1 113 0
  84              		.thumb
  85              		.syntax unified
  86 0020 1A4B     		ldr	r3, .L4
  87 0022 0022     		movs	r2, #0
  88 0024 1A70     		strb	r2, [r3]
 114:main.c        ****     
 115:main.c        ****     /* Start the ADC conversion */
 116:main.c        ****     ADC_DelSig_1_StartConvert();
  89              		.loc 1 116 0
  90 0026 FFF7FEFF 		bl	ADC_DelSig_1_StartConvert
 117:main.c        ****     
 118:main.c        ****     /* Send message to verify COM port is connected properly */
 119:main.c        ****     UART_1_PutString("COM Port Open\r\n");
  91              		.loc 1 119 0
  92 002a 1948     		ldr	r0, .L4+4
  93 002c FFF7FEFF 		bl	UART_1_PutString
  94              	.L3:
 120:main.c        ****     
 121:main.c        ****     
 122:main.c        ****     for(;;)
ARM GAS  C:\Users\z004c8dn\AppData\Local\Temp\cchlWGvh.s 			page 5


 123:main.c        ****     {
 124:main.c        ****             if(gSendAverage)
  95              		.loc 1 124 0
  96 0030 164B     		ldr	r3, .L4
  97 0032 1B78     		ldrb	r3, [r3]
  98 0034 DBB2     		uxtb	r3, r3
  99 0036 002B     		cmp	r3, #0
 100 0038 FAD0     		beq	.L3
 125:main.c        ****             {
 126:main.c        ****              /* Format ADC result for transmition */
 127:main.c        ****              CyGlobalIntDisable
 101              		.loc 1 127 0
 102              		.syntax unified
 103              	@ 127 "main.c" 1
 104 003a 72B6     		CPSID   i
 105              	@ 0 "" 2
 128:main.c        ****              temperatureIntPart     = gAverageData / 10;    //drops the decimal part of the tempera
 106              		.loc 1 128 0
 107              		.thumb
 108              		.syntax unified
 109 003c 154B     		ldr	r3, .L4+8
 110 003e 1B68     		ldr	r3, [r3]
 111 0040 154A     		ldr	r2, .L4+12
 112 0042 A2FB0323 		umull	r2, r3, r2, r3
 113 0046 DB08     		lsrs	r3, r3, #3
 114 0048 FB86     		strh	r3, [r7, #54]	@ movhi
 129:main.c        ****              temperatureDecimalPart = gAverageData % 10;    //drops the integer part of the tempera
 115              		.loc 1 129 0
 116 004a 124B     		ldr	r3, .L4+8
 117 004c 1968     		ldr	r1, [r3]
 118 004e 124B     		ldr	r3, .L4+12
 119 0050 A3FB0123 		umull	r2, r3, r3, r1
 120 0054 DA08     		lsrs	r2, r3, #3
 121 0056 1346     		mov	r3, r2
 122 0058 9B00     		lsls	r3, r3, #2
 123 005a 1344     		add	r3, r3, r2
 124 005c 5B00     		lsls	r3, r3, #1
 125 005e CA1A     		subs	r2, r1, r3
 126 0060 1346     		mov	r3, r2	@ movhi
 127 0062 BB86     		strh	r3, [r7, #52]	@ movhi
 130:main.c        ****              sprintf(TransmitBuffer, "{\n\"Voltage [mV]\" : %lu,\r\n \"Temperature [C]\" : %hu.%hu 
 128              		.loc 1 130 0
 129 0064 0B4B     		ldr	r3, .L4+8
 130 0066 1A68     		ldr	r2, [r3]
 131 0068 F98E     		ldrh	r1, [r7, #54]
 132 006a BB8E     		ldrh	r3, [r7, #52]
 133 006c 3846     		mov	r0, r7
 134 006e 0093     		str	r3, [sp]
 135 0070 0B46     		mov	r3, r1
 136 0072 0A49     		ldr	r1, .L4+16
 137 0074 FFF7FEFF 		bl	sprintf
 131:main.c        ****              CyGlobalIntEnable
 138              		.loc 1 131 0
 139              		.syntax unified
 140              	@ 131 "main.c" 1
 141 0078 62B6     		CPSIE   i
 142              	@ 0 "" 2
ARM GAS  C:\Users\z004c8dn\AppData\Local\Temp\cchlWGvh.s 			page 6


 132:main.c        ****              /* Send out the data */
 133:main.c        ****              UART_1_PutString(TransmitBuffer);
 143              		.loc 1 133 0
 144              		.thumb
 145              		.syntax unified
 146 007a 3B46     		mov	r3, r7
 147 007c 1846     		mov	r0, r3
 148 007e FFF7FEFF 		bl	UART_1_PutString
 134:main.c        ****              /* Reset the sendAverage flag */
 135:main.c        ****            
 136:main.c        ****              gSendAverage = FALSE;
 149              		.loc 1 136 0
 150 0082 024B     		ldr	r3, .L4
 151 0084 0022     		movs	r2, #0
 152 0086 1A70     		strb	r2, [r3]
 137:main.c        ****         }        
 138:main.c        ****     }
 153              		.loc 1 138 0
 154 0088 D2E7     		b	.L3
 155              	.L5:
 156 008a 00BF     		.align	2
 157              	.L4:
 158 008c 00000000 		.word	gSendAverage
 159 0090 00000000 		.word	.LC0
 160 0094 00000000 		.word	gAverageData
 161 0098 CDCCCCCC 		.word	-858993459
 162 009c 10000000 		.word	.LC1
 163              		.cfi_endproc
 164              	.LFE64:
 165              		.size	main, .-main
 166              		.text
 167              	.Letext0:
 168              		.file 2 "c:\\program files (x86)\\cypress\\psoc creator\\4.4\\psoc creator\\import\\gnu\\arm\\5.4.
 169              		.file 3 "c:\\program files (x86)\\cypress\\psoc creator\\4.4\\psoc creator\\import\\gnu\\arm\\5.4.
 170              		.file 4 "Generated_Source\\PSoC5/cytypes.h"
 171              		.file 5 "Generated_Source\\PSoC5/core_cm3.h"
 172              		.section	.debug_info,"",%progbits
 173              	.Ldebug_info0:
 174 0000 78010000 		.4byte	0x178
 175 0004 0400     		.2byte	0x4
 176 0006 00000000 		.4byte	.Ldebug_abbrev0
 177 000a 04       		.byte	0x4
 178 000b 01       		.uleb128 0x1
 179 000c 00000000 		.4byte	.LASF27
 180 0010 0C       		.byte	0xc
 181 0011 E2010000 		.4byte	.LASF28
 182 0015 B3000000 		.4byte	.LASF29
 183 0019 00000000 		.4byte	.Ldebug_ranges0+0
 184 001d 00000000 		.4byte	0
 185 0021 00000000 		.4byte	.Ldebug_line0
 186 0025 02       		.uleb128 0x2
 187 0026 01       		.byte	0x1
 188 0027 06       		.byte	0x6
 189 0028 4A020000 		.4byte	.LASF0
 190 002c 02       		.uleb128 0x2
 191 002d 01       		.byte	0x1
 192 002e 08       		.byte	0x8
ARM GAS  C:\Users\z004c8dn\AppData\Local\Temp\cchlWGvh.s 			page 7


 193 002f A5000000 		.4byte	.LASF1
 194 0033 02       		.uleb128 0x2
 195 0034 02       		.byte	0x2
 196 0035 05       		.byte	0x5
 197 0036 12020000 		.4byte	.LASF2
 198 003a 02       		.uleb128 0x2
 199 003b 02       		.byte	0x2
 200 003c 07       		.byte	0x7
 201 003d 3F010000 		.4byte	.LASF3
 202 0041 03       		.uleb128 0x3
 203 0042 8E000000 		.4byte	.LASF9
 204 0046 02       		.byte	0x2
 205 0047 3F       		.byte	0x3f
 206 0048 4C000000 		.4byte	0x4c
 207 004c 02       		.uleb128 0x2
 208 004d 04       		.byte	0x4
 209 004e 05       		.byte	0x5
 210 004f 22020000 		.4byte	.LASF4
 211 0053 02       		.uleb128 0x2
 212 0054 04       		.byte	0x4
 213 0055 07       		.byte	0x7
 214 0056 2D010000 		.4byte	.LASF5
 215 005a 02       		.uleb128 0x2
 216 005b 08       		.byte	0x8
 217 005c 05       		.byte	0x5
 218 005d D4010000 		.4byte	.LASF6
 219 0061 02       		.uleb128 0x2
 220 0062 08       		.byte	0x8
 221 0063 07       		.byte	0x7
 222 0064 90010000 		.4byte	.LASF7
 223 0068 04       		.uleb128 0x4
 224 0069 04       		.byte	0x4
 225 006a 05       		.byte	0x5
 226 006b 696E7400 		.ascii	"int\000"
 227 006f 02       		.uleb128 0x2
 228 0070 04       		.byte	0x4
 229 0071 07       		.byte	0x7
 230 0072 83010000 		.4byte	.LASF8
 231 0076 03       		.uleb128 0x3
 232 0077 B4010000 		.4byte	.LASF10
 233 007b 03       		.byte	0x3
 234 007c 2C       		.byte	0x2c
 235 007d 41000000 		.4byte	0x41
 236 0081 05       		.uleb128 0x5
 237 0082 1C020000 		.4byte	.LASF11
 238 0086 04       		.byte	0x4
 239 0087 E801     		.2byte	0x1e8
 240 0089 2C000000 		.4byte	0x2c
 241 008d 05       		.uleb128 0x5
 242 008e 70010000 		.4byte	.LASF12
 243 0092 04       		.byte	0x4
 244 0093 E901     		.2byte	0x1e9
 245 0095 3A000000 		.4byte	0x3a
 246 0099 05       		.uleb128 0x5
 247 009a 77010000 		.4byte	.LASF13
 248 009e 04       		.byte	0x4
 249 009f EA01     		.2byte	0x1ea
ARM GAS  C:\Users\z004c8dn\AppData\Local\Temp\cchlWGvh.s 			page 8


 250 00a1 53000000 		.4byte	0x53
 251 00a5 02       		.uleb128 0x2
 252 00a6 04       		.byte	0x4
 253 00a7 04       		.byte	0x4
 254 00a8 9F000000 		.4byte	.LASF14
 255 00ac 02       		.uleb128 0x2
 256 00ad 08       		.byte	0x8
 257 00ae 04       		.byte	0x4
 258 00af 5F010000 		.4byte	.LASF15
 259 00b3 05       		.uleb128 0x5
 260 00b4 98000000 		.4byte	.LASF16
 261 00b8 04       		.byte	0x4
 262 00b9 F401     		.2byte	0x1f4
 263 00bb 61000000 		.4byte	0x61
 264 00bf 02       		.uleb128 0x2
 265 00c0 01       		.byte	0x1
 266 00c1 08       		.byte	0x8
 267 00c2 E9010000 		.4byte	.LASF17
 268 00c6 06       		.uleb128 0x6
 269 00c7 81000000 		.4byte	0x81
 270 00cb 06       		.uleb128 0x6
 271 00cc 99000000 		.4byte	0x99
 272 00d0 02       		.uleb128 0x2
 273 00d1 08       		.byte	0x8
 274 00d2 04       		.byte	0x4
 275 00d3 2B020000 		.4byte	.LASF18
 276 00d7 02       		.uleb128 0x2
 277 00d8 04       		.byte	0x4
 278 00d9 07       		.byte	0x7
 279 00da CB010000 		.4byte	.LASF19
 280 00de 07       		.uleb128 0x7
 281 00df 7E010000 		.4byte	.LASF30
 282 00e3 01       		.byte	0x1
 283 00e4 5B       		.byte	0x5b
 284 00e5 68000000 		.4byte	0x68
 285 00e9 00000000 		.4byte	.LFB64
 286 00ed A0000000 		.4byte	.LFE64-.LFB64
 287 00f1 01       		.uleb128 0x1
 288 00f2 9C       		.byte	0x9c
 289 00f3 22010000 		.4byte	0x122
 290 00f7 08       		.uleb128 0x8
 291 00f8 37020000 		.4byte	.LASF20
 292 00fc 01       		.byte	0x1
 293 00fd 5E       		.byte	0x5e
 294 00fe 8D000000 		.4byte	0x8d
 295 0102 02       		.uleb128 0x2
 296 0103 91       		.byte	0x91
 297 0104 76       		.sleb128 -10
 298 0105 08       		.uleb128 0x8
 299 0106 EE010000 		.4byte	.LASF21
 300 010a 01       		.byte	0x1
 301 010b 5F       		.byte	0x5f
 302 010c 8D000000 		.4byte	0x8d
 303 0110 02       		.uleb128 0x2
 304 0111 91       		.byte	0x91
 305 0112 74       		.sleb128 -12
 306 0113 08       		.uleb128 0x8
ARM GAS  C:\Users\z004c8dn\AppData\Local\Temp\cchlWGvh.s 			page 9


 307 0114 BC010000 		.4byte	.LASF22
 308 0118 01       		.byte	0x1
 309 0119 63       		.byte	0x63
 310 011a 22010000 		.4byte	0x122
 311 011e 02       		.uleb128 0x2
 312 011f 91       		.byte	0x91
 313 0120 40       		.sleb128 -64
 314 0121 00       		.byte	0
 315 0122 09       		.uleb128 0x9
 316 0123 BF000000 		.4byte	0xbf
 317 0127 32010000 		.4byte	0x132
 318 012b 0A       		.uleb128 0xa
 319 012c D7000000 		.4byte	0xd7
 320 0130 31       		.byte	0x31
 321 0131 00       		.byte	0
 322 0132 0B       		.uleb128 0xb
 323 0133 52010000 		.4byte	.LASF23
 324 0137 05       		.byte	0x5
 325 0138 1207     		.2byte	0x712
 326 013a 3E010000 		.4byte	0x13e
 327 013e 06       		.uleb128 0x6
 328 013f 76000000 		.4byte	0x76
 329 0143 0C       		.uleb128 0xc
 330 0144 66010000 		.4byte	.LASF24
 331 0148 01       		.byte	0x1
 332 0149 40       		.byte	0x40
 333 014a 54010000 		.4byte	0x154
 334 014e 05       		.uleb128 0x5
 335 014f 03       		.byte	0x3
 336 0150 00000000 		.4byte	gInputSum
 337 0154 06       		.uleb128 0x6
 338 0155 B3000000 		.4byte	0xb3
 339 0159 0C       		.uleb128 0xc
 340 015a 05020000 		.4byte	.LASF25
 341 015e 01       		.byte	0x1
 342 015f 42       		.byte	0x42
 343 0160 CB000000 		.4byte	0xcb
 344 0164 05       		.uleb128 0x5
 345 0165 03       		.byte	0x3
 346 0166 00000000 		.4byte	gAverageData
 347 016a 0C       		.uleb128 0xc
 348 016b A7010000 		.4byte	.LASF26
 349 016f 01       		.byte	0x1
 350 0170 43       		.byte	0x43
 351 0171 C6000000 		.4byte	0xc6
 352 0175 05       		.uleb128 0x5
 353 0176 03       		.byte	0x3
 354 0177 00000000 		.4byte	gSendAverage
 355 017b 00       		.byte	0
 356              		.section	.debug_abbrev,"",%progbits
 357              	.Ldebug_abbrev0:
 358 0000 01       		.uleb128 0x1
 359 0001 11       		.uleb128 0x11
 360 0002 01       		.byte	0x1
 361 0003 25       		.uleb128 0x25
 362 0004 0E       		.uleb128 0xe
 363 0005 13       		.uleb128 0x13
ARM GAS  C:\Users\z004c8dn\AppData\Local\Temp\cchlWGvh.s 			page 10


 364 0006 0B       		.uleb128 0xb
 365 0007 03       		.uleb128 0x3
 366 0008 0E       		.uleb128 0xe
 367 0009 1B       		.uleb128 0x1b
 368 000a 0E       		.uleb128 0xe
 369 000b 55       		.uleb128 0x55
 370 000c 17       		.uleb128 0x17
 371 000d 11       		.uleb128 0x11
 372 000e 01       		.uleb128 0x1
 373 000f 10       		.uleb128 0x10
 374 0010 17       		.uleb128 0x17
 375 0011 00       		.byte	0
 376 0012 00       		.byte	0
 377 0013 02       		.uleb128 0x2
 378 0014 24       		.uleb128 0x24
 379 0015 00       		.byte	0
 380 0016 0B       		.uleb128 0xb
 381 0017 0B       		.uleb128 0xb
 382 0018 3E       		.uleb128 0x3e
 383 0019 0B       		.uleb128 0xb
 384 001a 03       		.uleb128 0x3
 385 001b 0E       		.uleb128 0xe
 386 001c 00       		.byte	0
 387 001d 00       		.byte	0
 388 001e 03       		.uleb128 0x3
 389 001f 16       		.uleb128 0x16
 390 0020 00       		.byte	0
 391 0021 03       		.uleb128 0x3
 392 0022 0E       		.uleb128 0xe
 393 0023 3A       		.uleb128 0x3a
 394 0024 0B       		.uleb128 0xb
 395 0025 3B       		.uleb128 0x3b
 396 0026 0B       		.uleb128 0xb
 397 0027 49       		.uleb128 0x49
 398 0028 13       		.uleb128 0x13
 399 0029 00       		.byte	0
 400 002a 00       		.byte	0
 401 002b 04       		.uleb128 0x4
 402 002c 24       		.uleb128 0x24
 403 002d 00       		.byte	0
 404 002e 0B       		.uleb128 0xb
 405 002f 0B       		.uleb128 0xb
 406 0030 3E       		.uleb128 0x3e
 407 0031 0B       		.uleb128 0xb
 408 0032 03       		.uleb128 0x3
 409 0033 08       		.uleb128 0x8
 410 0034 00       		.byte	0
 411 0035 00       		.byte	0
 412 0036 05       		.uleb128 0x5
 413 0037 16       		.uleb128 0x16
 414 0038 00       		.byte	0
 415 0039 03       		.uleb128 0x3
 416 003a 0E       		.uleb128 0xe
 417 003b 3A       		.uleb128 0x3a
 418 003c 0B       		.uleb128 0xb
 419 003d 3B       		.uleb128 0x3b
 420 003e 05       		.uleb128 0x5
ARM GAS  C:\Users\z004c8dn\AppData\Local\Temp\cchlWGvh.s 			page 11


 421 003f 49       		.uleb128 0x49
 422 0040 13       		.uleb128 0x13
 423 0041 00       		.byte	0
 424 0042 00       		.byte	0
 425 0043 06       		.uleb128 0x6
 426 0044 35       		.uleb128 0x35
 427 0045 00       		.byte	0
 428 0046 49       		.uleb128 0x49
 429 0047 13       		.uleb128 0x13
 430 0048 00       		.byte	0
 431 0049 00       		.byte	0
 432 004a 07       		.uleb128 0x7
 433 004b 2E       		.uleb128 0x2e
 434 004c 01       		.byte	0x1
 435 004d 3F       		.uleb128 0x3f
 436 004e 19       		.uleb128 0x19
 437 004f 03       		.uleb128 0x3
 438 0050 0E       		.uleb128 0xe
 439 0051 3A       		.uleb128 0x3a
 440 0052 0B       		.uleb128 0xb
 441 0053 3B       		.uleb128 0x3b
 442 0054 0B       		.uleb128 0xb
 443 0055 49       		.uleb128 0x49
 444 0056 13       		.uleb128 0x13
 445 0057 11       		.uleb128 0x11
 446 0058 01       		.uleb128 0x1
 447 0059 12       		.uleb128 0x12
 448 005a 06       		.uleb128 0x6
 449 005b 40       		.uleb128 0x40
 450 005c 18       		.uleb128 0x18
 451 005d 9642     		.uleb128 0x2116
 452 005f 19       		.uleb128 0x19
 453 0060 01       		.uleb128 0x1
 454 0061 13       		.uleb128 0x13
 455 0062 00       		.byte	0
 456 0063 00       		.byte	0
 457 0064 08       		.uleb128 0x8
 458 0065 34       		.uleb128 0x34
 459 0066 00       		.byte	0
 460 0067 03       		.uleb128 0x3
 461 0068 0E       		.uleb128 0xe
 462 0069 3A       		.uleb128 0x3a
 463 006a 0B       		.uleb128 0xb
 464 006b 3B       		.uleb128 0x3b
 465 006c 0B       		.uleb128 0xb
 466 006d 49       		.uleb128 0x49
 467 006e 13       		.uleb128 0x13
 468 006f 02       		.uleb128 0x2
 469 0070 18       		.uleb128 0x18
 470 0071 00       		.byte	0
 471 0072 00       		.byte	0
 472 0073 09       		.uleb128 0x9
 473 0074 01       		.uleb128 0x1
 474 0075 01       		.byte	0x1
 475 0076 49       		.uleb128 0x49
 476 0077 13       		.uleb128 0x13
 477 0078 01       		.uleb128 0x1
ARM GAS  C:\Users\z004c8dn\AppData\Local\Temp\cchlWGvh.s 			page 12


 478 0079 13       		.uleb128 0x13
 479 007a 00       		.byte	0
 480 007b 00       		.byte	0
 481 007c 0A       		.uleb128 0xa
 482 007d 21       		.uleb128 0x21
 483 007e 00       		.byte	0
 484 007f 49       		.uleb128 0x49
 485 0080 13       		.uleb128 0x13
 486 0081 2F       		.uleb128 0x2f
 487 0082 0B       		.uleb128 0xb
 488 0083 00       		.byte	0
 489 0084 00       		.byte	0
 490 0085 0B       		.uleb128 0xb
 491 0086 34       		.uleb128 0x34
 492 0087 00       		.byte	0
 493 0088 03       		.uleb128 0x3
 494 0089 0E       		.uleb128 0xe
 495 008a 3A       		.uleb128 0x3a
 496 008b 0B       		.uleb128 0xb
 497 008c 3B       		.uleb128 0x3b
 498 008d 05       		.uleb128 0x5
 499 008e 49       		.uleb128 0x49
 500 008f 13       		.uleb128 0x13
 501 0090 3F       		.uleb128 0x3f
 502 0091 19       		.uleb128 0x19
 503 0092 3C       		.uleb128 0x3c
 504 0093 19       		.uleb128 0x19
 505 0094 00       		.byte	0
 506 0095 00       		.byte	0
 507 0096 0C       		.uleb128 0xc
 508 0097 34       		.uleb128 0x34
 509 0098 00       		.byte	0
 510 0099 03       		.uleb128 0x3
 511 009a 0E       		.uleb128 0xe
 512 009b 3A       		.uleb128 0x3a
 513 009c 0B       		.uleb128 0xb
 514 009d 3B       		.uleb128 0x3b
 515 009e 0B       		.uleb128 0xb
 516 009f 49       		.uleb128 0x49
 517 00a0 13       		.uleb128 0x13
 518 00a1 3F       		.uleb128 0x3f
 519 00a2 19       		.uleb128 0x19
 520 00a3 02       		.uleb128 0x2
 521 00a4 18       		.uleb128 0x18
 522 00a5 00       		.byte	0
 523 00a6 00       		.byte	0
 524 00a7 00       		.byte	0
 525              		.section	.debug_aranges,"",%progbits
 526 0000 1C000000 		.4byte	0x1c
 527 0004 0200     		.2byte	0x2
 528 0006 00000000 		.4byte	.Ldebug_info0
 529 000a 04       		.byte	0x4
 530 000b 00       		.byte	0
 531 000c 0000     		.2byte	0
 532 000e 0000     		.2byte	0
 533 0010 00000000 		.4byte	.LFB64
 534 0014 A0000000 		.4byte	.LFE64-.LFB64
ARM GAS  C:\Users\z004c8dn\AppData\Local\Temp\cchlWGvh.s 			page 13


 535 0018 00000000 		.4byte	0
 536 001c 00000000 		.4byte	0
 537              		.section	.debug_ranges,"",%progbits
 538              	.Ldebug_ranges0:
 539 0000 00000000 		.4byte	.LFB64
 540 0004 A0000000 		.4byte	.LFE64
 541 0008 00000000 		.4byte	0
 542 000c 00000000 		.4byte	0
 543              		.section	.debug_line,"",%progbits
 544              	.Ldebug_line0:
 545 0000 77010000 		.section	.debug_str,"MS",%progbits,1
 545      02004C01 
 545      00000201 
 545      FB0E0D00 
 545      01010101 
 546              	.LASF27:
 547 0000 474E5520 		.ascii	"GNU C11 5.4.1 20160609 (release) [ARM/embedded-5-br"
 547      43313120 
 547      352E342E 
 547      31203230 
 547      31363036 
 548 0033 616E6368 		.ascii	"anch revision 237715] -mcpu=cortex-m3 -mthumb -g -O"
 548      20726576 
 548      6973696F 
 548      6E203233 
 548      37373135 
 549 0066 30202D66 		.ascii	"0 -ffunction-sections -ffat-lto-objects\000"
 549      66756E63 
 549      74696F6E 
 549      2D736563 
 549      74696F6E 
 550              	.LASF9:
 551 008e 5F5F696E 		.ascii	"__int32_t\000"
 551      7433325F 
 551      7400
 552              	.LASF16:
 553 0098 75696E74 		.ascii	"uint64\000"
 553      363400
 554              	.LASF14:
 555 009f 666C6F61 		.ascii	"float\000"
 555      7400
 556              	.LASF1:
 557 00a5 756E7369 		.ascii	"unsigned char\000"
 557      676E6564 
 557      20636861 
 557      7200
 558              	.LASF29:
 559 00b3 433A5C55 		.ascii	"C:\\UserData\\z004c8dn\\OneDrive - Siemens AG\\Doku"
 559      73657244 
 559      6174615C 
 559      7A303034 
 559      6338646E 
 560 00e2 6D656E74 		.ascii	"mente\\PSoC Creator\\AndreasBothPSoC5DAQ_workspace\\"
 560      655C5053 
 560      6F432043 
 560      72656174 
 560      6F725C41 
ARM GAS  C:\Users\z004c8dn\AppData\Local\Temp\cchlWGvh.s 			page 14


 561 0113 416E6472 		.ascii	"AndreasBothPSoC5DAQ.cydsn\000"
 561      65617342 
 561      6F746850 
 561      536F4335 
 561      4441512E 
 562              	.LASF5:
 563 012d 6C6F6E67 		.ascii	"long unsigned int\000"
 563      20756E73 
 563      69676E65 
 563      6420696E 
 563      7400
 564              	.LASF3:
 565 013f 73686F72 		.ascii	"short unsigned int\000"
 565      7420756E 
 565      7369676E 
 565      65642069 
 565      6E7400
 566              	.LASF23:
 567 0152 49544D5F 		.ascii	"ITM_RxBuffer\000"
 567      52784275 
 567      66666572 
 567      00
 568              	.LASF15:
 569 015f 646F7562 		.ascii	"double\000"
 569      6C6500
 570              	.LASF24:
 571 0166 67496E70 		.ascii	"gInputSum\000"
 571      75745375 
 571      6D00
 572              	.LASF12:
 573 0170 75696E74 		.ascii	"uint16\000"
 573      313600
 574              	.LASF13:
 575 0177 75696E74 		.ascii	"uint32\000"
 575      333200
 576              	.LASF30:
 577 017e 6D61696E 		.ascii	"main\000"
 577      00
 578              	.LASF8:
 579 0183 756E7369 		.ascii	"unsigned int\000"
 579      676E6564 
 579      20696E74 
 579      00
 580              	.LASF7:
 581 0190 6C6F6E67 		.ascii	"long long unsigned int\000"
 581      206C6F6E 
 581      6720756E 
 581      7369676E 
 581      65642069 
 582              	.LASF26:
 583 01a7 6753656E 		.ascii	"gSendAverage\000"
 583      64417665 
 583      72616765 
 583      00
 584              	.LASF10:
 585 01b4 696E7433 		.ascii	"int32_t\000"
 585      325F7400 
ARM GAS  C:\Users\z004c8dn\AppData\Local\Temp\cchlWGvh.s 			page 15


 586              	.LASF22:
 587 01bc 5472616E 		.ascii	"TransmitBuffer\000"
 587      736D6974 
 587      42756666 
 587      657200
 588              	.LASF19:
 589 01cb 73697A65 		.ascii	"sizetype\000"
 589      74797065 
 589      00
 590              	.LASF6:
 591 01d4 6C6F6E67 		.ascii	"long long int\000"
 591      206C6F6E 
 591      6720696E 
 591      7400
 592              	.LASF28:
 593 01e2 6D61696E 		.ascii	"main.c\000"
 593      2E6300
 594              	.LASF17:
 595 01e9 63686172 		.ascii	"char\000"
 595      00
 596              	.LASF21:
 597 01ee 74656D70 		.ascii	"temperatureDecimalPart\000"
 597      65726174 
 597      75726544 
 597      6563696D 
 597      616C5061 
 598              	.LASF25:
 599 0205 67417665 		.ascii	"gAverageData\000"
 599      72616765 
 599      44617461 
 599      00
 600              	.LASF2:
 601 0212 73686F72 		.ascii	"short int\000"
 601      7420696E 
 601      7400
 602              	.LASF11:
 603 021c 75696E74 		.ascii	"uint8\000"
 603      3800
 604              	.LASF4:
 605 0222 6C6F6E67 		.ascii	"long int\000"
 605      20696E74 
 605      00
 606              	.LASF18:
 607 022b 6C6F6E67 		.ascii	"long double\000"
 607      20646F75 
 607      626C6500 
 608              	.LASF20:
 609 0237 74656D70 		.ascii	"temperatureIntPart\000"
 609      65726174 
 609      75726549 
 609      6E745061 
 609      727400
 610              	.LASF0:
 611 024a 7369676E 		.ascii	"signed char\000"
 611      65642063 
 611      68617200 
 612              		.ident	"GCC: (GNU Tools for ARM Embedded Processors) 5.4.1 20160609 (release) [ARM/embedded-5-bran
ARM GAS  C:\Users\z004c8dn\AppData\Local\Temp\cchlWGvh.s 			page 16


